config=M3-high-seed-43102 scored_images=32/1343 records=103
config=M3-high-seed-43102 scored_images=64/1343 records=207
config=M3-high-seed-43102 scored_images=96/1343 records=314
config=M3-high-seed-43102 scored_images=128/1343 records=390
config=M3-high-seed-43102 scored_images=160/1343 records=513
config=M3-high-seed-43102 scored_images=192/1343 records=628
config=M3-high-seed-43102 scored_images=224/1343 records=724
config=M3-high-seed-43102 scored_images=256/1343 records=844
config=M3-high-seed-43102 scored_images=288/1343 records=960
config=M3-high-seed-43102 scored_images=320/1343 records=1057
config=M3-high-seed-43102 scored_images=352/1343 records=1147
config=M3-high-seed-43102 scored_images=384/1343 records=1271
config=M3-high-seed-43102 scored_images=416/1343 records=1362
config=M3-high-seed-43102 scored_images=448/1343 records=1451
config=M3-high-seed-43102 scored_images=480/1343 records=1534
config=M3-high-seed-43102 scored_images=512/1343 records=1661
config=M3-high-seed-43102 scored_images=544/1343 records=1758
config=M3-high-seed-43102 scored_images=576/1343 records=1856
config=M3-high-seed-43102 scored_images=608/1343 records=1953
config=M3-high-seed-43102 scored_images=640/1343 records=2020
config=M3-high-seed-43102 scored_images=672/1343 records=2112
config=M3-high-seed-43102 scored_images=704/1343 records=2216
config=M3-high-seed-43102 scored_images=736/1343 records=2326
config=M3-high-seed-43102 scored_images=768/1343 records=2429
config=M3-high-seed-43102 scored_images=800/1343 records=2511
config=M3-high-seed-43102 scored_images=832/1343 records=2604
config=M3-high-seed-43102 scored_images=864/1343 records=2703
config=M3-high-seed-43102 scored_images=896/1343 records=2808
config=M3-high-seed-43102 scored_images=928/1343 records=2913
config=M3-high-seed-43102 scored_images=960/1343 records=3000
config=M3-high-seed-43102 scored_images=992/1343 records=3072
config=M3-high-seed-43102 scored_images=1024/1343 records=3158
config=M3-high-seed-43102 scored_images=1056/1343 records=3254
config=M3-high-seed-43102 scored_images=1088/1343 records=3354
config=M3-high-seed-43102 scored_images=1120/1343 records=3465
config=M3-high-seed-43102 scored_images=1152/1343 records=3545
config=M3-high-seed-43102 scored_images=1184/1343 records=3630
config=M3-high-seed-43102 scored_images=1216/1343 records=3712
config=M3-high-seed-43102 scored_images=1248/1343 records=3811
config=M3-high-seed-43102 scored_images=1280/1343 records=3901
config=M3-high-seed-43102 scored_images=1312/1343 records=3995
config=M3-high-seed-43102 scored_images=1343/1343 records=4107
{
  "all_scores_finite": true,
  "automatic_retry": false,
  "cache_no_cache_equivalence": {
    "cached_mean_logprob": [
      -3.17540492862463,
      -6.406415621439616
    ],
    "cached_target_counts": [
      4,
      3
    ],
    "direct_mean_logprob": [
      -3.17540492862463,
      -6.406415621439616
    ],
    "direct_target_counts": [
      4,
      3
    ],
    "exact_float_equality": true,
    "filename": "000000000724.jpg",
    "maximum_abs_difference": 0.0,
    "sample_id": "replace_attribute:727",
    "target_count_equality": true
  },
  "cache_receipt_path": "/home/lizhaohui/lzq/minimind-v-stage2-rerun-20260721/experiments/runs/phase3_risk_v1/M3-high-seed-43102/scoring/cache_receipt.json",
  "candidate_and_hull_rule": "unchanged frozen Phase 3 v6 contrast-hull scorer",
  "certified": false,
  "config": {
    "directory_validation": {
      "candidate_family_size": 18,
      "comparison_claim": "equal_coordinate_budget_not_equal_description_length",
      "config_count": 18,
      "external_selection_bits": 5,
      "pair_count": 9,
      "status": "passed"
    },
    "manifest_path": "/home/lizhaohui/lzq/minimind-v-stage2/experiments/phase3_risk_v1/configs/manifest.json",
    "manifest_sha256": "721629f7f511cee5cbb7239c42a0c730d730235464ca8029ca1c47cb3cafe2b0",
    "path": "/home/lizhaohui/lzq/minimind-v-stage2/experiments/phase3_risk_v1/configs/M3-high-seed-43102.json",
    "sha256": "308b445292c83e03bf4a6e245c18d6acfd470314548747bfdc91d5496ee6d406"
  },
  "config_id": "M3-high-seed-43102",
  "environment": {
    "Pillow": "10.4.0",
    "autocast_enabled": false,
    "cuda": "12.4",
    "cuda_available": true,
    "cuda_matmul_allow_tf32": false,
    "cudnn": 90100,
    "cudnn_allow_tf32": false,
    "cudnn_benchmark": false,
    "cudnn_deterministic": true,
    "device": "cuda:0",
    "gpu": {
      "compute_capability": [
        8,
        6
      ],
      "index": 0,
      "name": "NVIDIA A40",
      "total_memory_bytes": 47709159424
    },
    "model_dtype": "float32",
    "numpy": "1.26.4",
    "platform": "Linux-5.4.0-216-generic-x86_64-with-glibc2.31",
    "python": "3.11.15",
    "scipy": "1.13.1",
    "torch": "2.6.0+cu124",
    "transformers": "4.57.6"
  },
  "evaluation_rule_changed": false,
  "evaluation_seed": 3407,
  "frozen_v6_logical_device": "cuda:3",
  "frozen_v6_protocol_sha256": "3cbf89287ef5c75657bf0df6ed1170f0ab1c916ac5aacc0c009fb80c3bbf9195",
  "identity_check_passed": true,
  "identity_tolerance": 1e-06,
  "image_count": 1343,
  "invalid_for_formal_certification_reasons": [
    "post_hoc_metric_design",
    "coupled_mismatch_donors"
  ],
  "logical_device_remap_only": true,
  "m0_check": "not_applicable_to_M2_M3",
  "maximum_identity_error": 2.220446049250313e-16,
  "mismatch_k": 5,
  "model_summary_path": "/home/lizhaohui/lzq/minimind-v-stage2-rerun-20260721/experiments/runs/phase3_risk_v1/M3-high-seed-43102/scoring/model_summary.json",
  "model_summary_sha256": "74a318aaa0967c74633739ede5d330ac5b3b50fa6409cfb2a3ebd527c7934b02",
  "old_v6_fields_retained": true,
  "q_correct_and_five_mismatch_per_sample": true,
  "record_count": 4107,
  "risk_ranges_passed": true,
  "runtime_preflight": {
    "config_id": "M3-high-seed-43102",
    "environment": {
      "mode": "v6",
      "pip_freeze_sha256": null,
      "python_executable": "/home/lizhaohui/lzq/phase3_runtime/phase3_v5/env/bin/python3.11"
    },
    "git": {
      "branch": "stage3-v5-completion",
      "head_commit": "6cfe342e9889ae496e370c6c42544c8150fac1c2",
      "tracked_status": ""
    },
    "gpu": {
      "free_memory_mib": 18874,
      "idle_at_preflight": false,
      "idle_definition": "absent from nvidia-smi compute-process GPU UUIDs at dispatch and at every formal stage preflight",
      "minimum_free_memory_mib": 12288,
      "name": "NVIDIA A40",
      "physical_index": 0,
      "policy": "dynamic_idle_a40_pool",
      "shared_gpu_execution": true,
      "shared_gpu_user_authorized": true,
      "uuid": "GPU-3e79d612-52da-90ce-9215-e2f1367ae2ba"
    },
    "stage2_protocol": {
      "protocol_id": "minimind-v-stage2-joint-compression-v2",
      "protocol_sha256": "4a15ae6697081098973998f7340702368403fa81f39d6c8ed43172b74a55b5b3"
    },
    "status": "passed",
    "training_data": {
      "path": "/home/lizhaohui/lzq/minimind-v-stage2-rerun-20260721/dataset/stage2_confirm_v2_seed2028/train.parquet",
      "sha256": "3c3d90c525f43200d35ebd5b4ac1719c8336d278aecbf7e929997c8401b1d5ce"
    }
  },
  "runtime_single_visible_gpu_logical_device": "cuda:0",
  "schema_version": 1,
  "seconds": 336.4868938922882,
  "shards": [
    {
      "end_image": 32,
      "path": "/home/lizhaohui/lzq/minimind-v-stage2-rerun-20260721/experiments/runs/phase3_risk_v1/M3-high-seed-43102/scoring/shards/0000_0032.jsonl",
      "record_count": 103,
      "sha256": "2d843ac7cc531b56018e4310e411cc1a27e6bafe1ebd7c1f40caf92d1660e47e",
      "start_image": 0
    },
    {
      "end_image": 64,
      "path": "/home/lizhaohui/lzq/minimind-v-stage2-rerun-20260721/experiments/runs/phase3_risk_v1/M3-high-seed-43102/scoring/shards/0032_0064.jsonl",
      "record_count": 104,
      "sha256": "f85610e08f86793bc6caadc2b24d9bb4cbd3318de46516479328486fd3e99f47",
      "start_image": 32
    },
    {
      "end_image": 96,
      "path": "/home/lizhaohui/lzq/minimind-v-stage2-rerun-20260721/experiments/runs/phase3_risk_v1/M3-high-seed-43102/scoring/shards/0064_0096.jsonl",
      "record_count": 107,
      "sha256": "dcf54de3cd75f7e802cb5515187f2d48e94d2809bb012b2b28669deaf48949f7",
      "start_image": 64
    },
    {
      "end_image": 128,
      "path": "/home/lizhaohui/lzq/minimind-v-stage2-rerun-20260721/experiments/runs/phase3_risk_v1/M3-high-seed-43102/scoring/shards/0096_0128.jsonl",
      "record_count": 76,
      "sha256": "ac53eac1781ba34b192b8ec0c3f450f59c69c03e93b560c967c91138c5b8c2e5",
      "start_image": 96
    },
    {
      "end_image": 160,
      "path": "/home/lizhaohui/lzq/minimind-v-stage2-rerun-20260721/experiments/runs/phase3_risk_v1/M3-high-seed-43102/scoring/shards/0128_0160.jsonl",
      "record_count": 123,
      "sha256": "fb20757a19bda7807958eb959006b96d9dd0f1e1c3d899746e1dd6e3798502b9",
      "start_image": 128
    },
    {
      "end_image": 192,
      "path": "/home/lizhaohui/lzq/minimind-v-stage2-rerun-20260721/experiments/runs/phase3_risk_v1/M3-high-seed-43102/scoring/shards/0160_0192.jsonl",
      "record_count": 115,
      "sha256": "d300c2a79b642aa90c7398d3d8928e509c7f14dad50db98a7cc2e450067a1853",
      "start_image": 160
    },
    {
      "end_image": 224,
      "path": "/home/lizhaohui/lzq/minimind-v-stage2-rerun-20260721/experiments/runs/phase3_risk_v1/M3-high-seed-43102/scoring/shards/0192_0224.jsonl",
      "record_count": 96,
      "sha256": "6318075a3e17fea2578671b0f5580ce1b37d6a6052cf1646339ef6d0450c43a2",
      "start_image": 192
    },
    {
      "end_image": 256,
      "path": "/home/lizhaohui/lzq/minimind-v-stage2-rerun-20260721/experiments/runs/phase3_risk_v1/M3-high-seed-43102/scoring/shards/0224_0256.jsonl",
      "record_count": 120,
      "sha256": "b80c407581da3cb335d68108e715a78ced06de98bb3b6bd9f205ad5d7cff0cf6",
      "start_image": 224
    },
    {
      "end_image": 288,
      "path": "/home/lizhaohui/lzq/minimind-v-stage2-rerun-20260721/experiments/runs/phase3_risk_v1/M3-high-seed-43102/scoring/shards/0256_0288.jsonl",
      "record_count": 116,
      "sha256": "e11cc19f3bbd7ba1e5255e1106a30769111b3c51b35406a97731f1654436c4e9",
      "start_image": 256
    },
    {
      "end_image": 320,
      "path": "/home/lizhaohui/lzq/minimind-v-stage2-rerun-20260721/experiments/runs/phase3_risk_v1/M3-high-seed-43102/scoring/shards/0288_0320.jsonl",
      "record_count": 97,
      "sha256": "10b0d959557b515a3505b439b3dfad44cc1c780a83fdd12d9c23a84f4e160faf",
      "start_image": 288
    },
    {
      "end_image": 352,
      "path": "/home/lizhaohui/lzq/minimind-v-stage2-rerun-20260721/experiments/runs/phase3_risk_v1/M3-high-seed-43102/scoring/shards/0320_0352.jsonl",
      "record_count": 90,
      "sha256": "d355b1e751ff8c012cd7512e921e9eecdd1394d2ee2fc48469cf2c9ce5fcc123",
      "start_image": 320
    },
    {
      "end_image": 384,
      "path": "/home/lizhaohui/lzq/minimind-v-stage2-rerun-20260721/experiments/runs/phase3_risk_v1/M3-high-seed-43102/scoring/shards/0352_0384.jsonl",
      "record_count": 124,
      "sha256": "50fa5de3db172a608e8c6ad5069e89b48abb4c7c42fe86ba21e882329e1d5007",
      "start_image": 352
    },
    {
      "end_image": 416,
      "path": "/home/lizhaohui/lzq/minimind-v-stage2-rerun-20260721/experiments/runs/phase3_risk_v1/M3-high-seed-43102/scoring/shards/0384_0416.jsonl",
      "record_count": 91,
      "sha256": "ddb89e528538ed92e5872ef51bc5acf0720907557e31480253b9f4bbcef4bb71",
      "start_image": 384
    },
    {
      "end_image": 448,
      "path": "/home/lizhaohui/lzq/minimind-v-stage2-rerun-20260721/experiments/runs/phase3_risk_v1/M3-high-seed-43102/scoring/shards/0416_0448.jsonl",
      "record_count": 89,
      "sha256": "c95694c9a5fea3ff328a61b1974cea85c021230cc2a7426c53820b125fc53028",
      "start_image": 416
    },
    {
      "end_image": 480,
      "path": "/home/lizhaohui/lzq/minimind-v-stage2-rerun-20260721/experiments/runs/phase3_risk_v1/M3-high-seed-43102/scoring/shards/0448_0480.jsonl",
      "record_count": 83,
      "sha256": "65ba90e508e73b385b31f5935a55d07acc7bdbc2b500126bc77fe9b7a417266c",
      "start_image": 448
    },
    {
      "end_image": 512,
      "path": "/home/lizhaohui/lzq/minimind-v-stage2-rerun-20260721/experiments/runs/phase3_risk_v1/M3-high-seed-43102/scoring/shards/0480_0512.jsonl",
      "record_count": 127,
      "sha256": "f0fd826c24a75470e3de7be0d06c4f80501b119f2e6b738629e5a80028e55b3a",
      "start_image": 480
    },
    {
      "end_image": 544,
      "path": "/home/lizhaohui/lzq/minimind-v-stage2-rerun-20260721/experiments/runs/phase3_risk_v1/M3-high-seed-43102/scoring/shards/0512_0544.jsonl",
      "record_count": 97,
      "sha256": "b7df5ec04e9e86a302a96f2bd8498afd016501fa7d29345dbd495664646792f7",
      "start_image": 512
    },
    {
      "end_image": 576,
      "path": "/home/lizhaohui/lzq/minimind-v-stage2-rerun-20260721/experiments/runs/phase3_risk_v1/M3-high-seed-43102/scoring/shards/0544_0576.jsonl",
      "record_count": 98,
      "sha256": "945c4a9065ed546b42019dc23caf5ea84fc6039b170c4e47d8e475087067cc34",
      "start_image": 544
    },
    {
      "end_image": 608,
      "path": "/home/lizhaohui/lzq/minimind-v-stage2-rerun-20260721/experiments/runs/phase3_risk_v1/M3-high-seed-43102/scoring/shards/0576_0608.jsonl",
      "record_count": 97,
      "sha256": "cc9d296fcff832482c6500abe65c14266878e76f08d32e5fda1306e039dcd531",
      "start_image": 576
    },
    {
      "end_image": 640,
      "path": "/home/lizhaohui/lzq/minimind-v-stage2-rerun-20260721/experiments/runs/phase3_risk_v1/M3-high-seed-43102/scoring/shards/0608_0640.jsonl",
      "record_count": 67,
      "sha256": "fe26fd36553ec357de0119879170ace7fe5cfcc7b655a02e13d3e3d18d7ddbcb",
      "start_image": 608
    },
    {
      "end_image": 672,
      "path": "/home/lizhaohui/lzq/minimind-v-stage2-rerun-20260721/experiments/runs/phase3_risk_v1/M3-high-seed-43102/scoring/shards/0640_0672.jsonl",
      "record_count": 92,
      "sha256": "8833103d94b5b7cfca502b5728288ada32ea8fbee267d8490422b79e90980032",
      "start_image": 640
    },
    {
      "end_image": 704,
      "path": "/home/lizhaohui/lzq/minimind-v-stage2-rerun-20260721/experiments/runs/phase3_risk_v1/M3-high-seed-43102/scoring/shards/0672_0704.jsonl",
      "record_count": 104,
      "sha256": "e1a03d83bfa88049d143a2c6241c891ec551b477e233accc3002fbf557675583",
      "start_image": 672
    },
    {
      "end_image": 736,
      "path": "/home/lizhaohui/lzq/minimind-v-stage2-rerun-20260721/experiments/runs/phase3_risk_v1/M3-high-seed-43102/scoring/shards/0704_0736.jsonl",
      "record_count": 110,
      "sha256": "dec9af382a428839f29100da39aba6ddada8db06d102b22c87ecac2408e65f4c",
      "start_image": 704
    },
    {
      "end_image": 768,
      "path": "/home/lizhaohui/lzq/minimind-v-stage2-rerun-20260721/experiments/runs/phase3_risk_v1/M3-high-seed-43102/scoring/shards/0736_0768.jsonl",
      "record_count": 103,
      "sha256": "efe95f57bc4efbf2770efe7a539179c23fedd67254e555c640a21e63dc5ee3d5",
      "start_image": 736
    },
    {
      "end_image": 800,
      "path": "/home/lizhaohui/lzq/minimind-v-stage2-rerun-20260721/experiments/runs/phase3_risk_v1/M3-high-seed-43102/scoring/shards/0768_0800.jsonl",
      "record_count": 82,
      "sha256": "bd47146b16ca8415a4de62664b2e77cfb1747acb8b0c116df2accfbac2f7aad8",
      "start_image": 768
    },
    {
      "end_image": 832,
      "path": "/home/lizhaohui/lzq/minimind-v-stage2-rerun-20260721/experiments/runs/phase3_risk_v1/M3-high-seed-43102/scoring/shards/0800_0832.jsonl",
      "record_count": 93,
      "sha256": "ae34e97810bf22a4d2aee656b3538a92ab965443051cf1bcc2bb3d93012e995c",
      "start_image": 800
    },
    {
      "end_image": 864,
      "path": "/home/lizhaohui/lzq/minimind-v-stage2-rerun-20260721/experiments/runs/phase3_risk_v1/M3-high-seed-43102/scoring/shards/0832_0864.jsonl",
      "record_count": 99,
      "sha256": "8951b13205cd9f11fcf9cffbf58b60a5c155143ca04a41b53ee3f05161dacfc7",
      "start_image": 832
    },
    {
      "end_image": 896,
      "path": "/home/lizhaohui/lzq/minimind-v-stage2-rerun-20260721/experiments/runs/phase3_risk_v1/M3-high-seed-43102/scoring/shards/0864_0896.jsonl",
      "record_count": 105,
      "sha256": "85aeea2c67737d726e2cf3be617cc2b6beb4d2c6be2a2717f3991c7b110bb1f4",
      "start_image": 864
    },
    {
      "end_image": 928,
      "path": "/home/lizhaohui/lzq/minimind-v-stage2-rerun-20260721/experiments/runs/phase3_risk_v1/M3-high-seed-43102/scoring/shards/0896_0928.jsonl",
      "record_count": 105,
      "sha256": "85f3e29b60287357b44b893f461b96c1d0b9cc6527b011dd17f270113beaf248",
      "start_image": 896
    },
    {
      "end_image": 960,
      "path": "/home/lizhaohui/lzq/minimind-v-stage2-rerun-20260721/experiments/runs/phase3_risk_v1/M3-high-seed-43102/scoring/shards/0928_0960.jsonl",
      "record_count": 87,
      "sha256": "4d31be340eb0de1a8eb333b228d34abf3daaa30a32530e4a27341e930895a03f",
      "start_image": 928
    },
    {
      "end_image": 992,
      "path": "/home/lizhaohui/lzq/minimind-v-stage2-rerun-20260721/experiments/runs/phase3_risk_v1/M3-high-seed-43102/scoring/shards/0960_0992.jsonl",
      "record_count": 72,
      "sha256": "2979dca2a76d285f8fedb991118478c15127489cb2be620583b93fa4ee232c7a",
      "start_image": 960
    },
    {
      "end_image": 1024,
      "path": "/home/lizhaohui/lzq/minimind-v-stage2-rerun-20260721/experiments/runs/phase3_risk_v1/M3-high-seed-43102/scoring/shards/0992_1024.jsonl",
      "record_count": 86,
      "sha256": "e6ef9d1cfa9ef8a6a6d3d62fded794e809ceba88d74631c6ae6bb64c046dd8aa",
      "start_image": 992
    },
    {
      "end_image": 1056,
      "path": "/home/lizhaohui/lzq/minimind-v-stage2-rerun-20260721/experiments/runs/phase3_risk_v1/M3-high-seed-43102/scoring/shards/1024_1056.jsonl",
      "record_count": 96,
      "sha256": "90fae9dc47fcbb0ac729baa1f299b3f9c7cece6841411862c729e131d78bc034",
      "start_image": 1024
    },
    {
      "end_image": 1088,
      "path": "/home/lizhaohui/lzq/minimind-v-stage2-rerun-20260721/experiments/runs/phase3_risk_v1/M3-high-seed-43102/scoring/shards/1056_1088.jsonl",
      "record_count": 100,
      "sha256": "b6ada25a1480e0ea45573615629fc43a4feeeb2825225f49ec6d1b15a687b7b9",
      "start_image": 1056
    },
    {
      "end_image": 1120,
      "path": "/home/lizhaohui/lzq/minimind-v-stage2-rerun-20260721/experiments/runs/phase3_risk_v1/M3-high-seed-43102/scoring/shards/1088_1120.jsonl",
      "record_count": 111,
      "sha256": "cb3999a71b5c096257ce3ec8a0eb25435869ba3256d9f18315037920a3a9fd03",
      "start_image": 1088
    },
    {
      "end_image": 1152,
      "path": "/home/lizhaohui/lzq/minimind-v-stage2-rerun-20260721/experiments/runs/phase3_risk_v1/M3-high-seed-43102/scoring/shards/1120_1152.jsonl",
      "record_count": 80,
      "sha256": "1739ee722e677bcfd3ae11b9ce8412ac2f02064d246ff43f34d1ed013837a31f",
      "start_image": 1120
    },
    {
      "end_image": 1184,
      "path": "/home/lizhaohui/lzq/minimind-v-stage2-rerun-20260721/experiments/runs/phase3_risk_v1/M3-high-seed-43102/scoring/shards/1152_1184.jsonl",
      "record_count": 85,
      "sha256": "ef697c13261c096b0db6cb285bc26b33fcabdb70192744935ed9d2f57d09165d",
      "start_image": 1152
    },
    {
      "end_image": 1216,
      "path": "/home/lizhaohui/lzq/minimind-v-stage2-rerun-20260721/experiments/runs/phase3_risk_v1/M3-high-seed-43102/scoring/shards/1184_1216.jsonl",
      "record_count": 82,
      "sha256": "ca458b2b0f4adee9ba2af9fe646a8e82d4f1a06c5c17b1305306d3d848fd3579",
      "start_image": 1184
    },
    {
      "end_image": 1248,
      "path": "/home/lizhaohui/lzq/minimind-v-stage2-rerun-20260721/experiments/runs/phase3_risk_v1/M3-high-seed-43102/scoring/shards/1216_1248.jsonl",
      "record_count": 99,
      "sha256": "8b04e21519e4d5a2cdee36b2a83bc93d08f03750d5e630b664f4618567ff2127",
      "start_image": 1216
    },
    {
      "end_image": 1280,
      "path": "/home/lizhaohui/lzq/minimind-v-stage2-rerun-20260721/experiments/runs/phase3_risk_v1/M3-high-seed-43102/scoring/shards/1248_1280.jsonl",
      "record_count": 90,
      "sha256": "ab9f32e6fc00316f1a2847b45c5eca2f9a072c7ac887a0cd03e6da621d8cf57c",
      "start_image": 1248
    },
    {
      "end_image": 1312,
      "path": "/home/lizhaohui/lzq/minimind-v-stage2-rerun-20260721/experiments/runs/phase3_risk_v1/M3-high-seed-43102/scoring/shards/1280_1312.jsonl",
      "record_count": 94,
      "sha256": "642ae9583628c6d7d658a56c54fd34a8900e8d15eeb3cb174a09ce9d829277d1",
      "start_image": 1280
    },
    {
      "end_image": 1343,
      "path": "/home/lizhaohui/lzq/minimind-v-stage2-rerun-20260721/experiments/runs/phase3_risk_v1/M3-high-seed-43102/scoring/shards/1312_1343.jsonl",
      "record_count": 112,
      "sha256": "1b05c6a7d138ae43e95c7edaa29a44eabb88df3d925390b5c49b565fe41d31f5",
      "start_image": 1312
    }
  ],
  "status": "complete"
}
