{
  "schema_version": 1,
  "status": "complete",
  "mode": "two_sample_non_scientific_smoke",
  "condition": "current-allocation",
  "mapping_root": 43201,
  "sample_indices": [
    10000,
    10001
  ],
  "loss": 1.1851907968521118,
  "gradient_norm": 0.9906736016273499,
  "loss_finite": true,
  "gradient_norm_finite": true,
  "scientific_result_computed": false,
  "coordinates_persisted": false,
  "candidate": "PROJALLOC-01",
  "round": 1,
  "coordinate_dimensions": {
    "vision": 582,
    "projector": 2327,
    "language": 1187
  },
  "data_path": "/home/lizhaohui/lzq/phase3_runtime/vissup01/prepared_round2/train_visual_necessary.parquet",
  "data_sha256": "52cd2672a60c1dcf834ad8795585412b8f0c96ac9f921d83bfd353e1e5628ee5",
  "data_condition": "visual-necessary",
  "prepared_audit_sha256": "26999a4451bc094ce6e148bcb1481d44efc5f9da58d9c727609d3b67d7400bea",
  "projection_preflight": {
    "validated_projection_roots": [
      43201
    ],
    "all_roots_reproducible": true,
    "all_coordinates_used": true,
    "roots": {
      "43201": {
        "mapping_sha256": "e88eb5ecc5821c8184590eb11e8201c669a9d4b576a046d80c158fa044e3d2c4",
        "repeated_mapping_sha256": "e88eb5ecc5821c8184590eb11e8201c669a9d4b576a046d80c158fa044e3d2c4",
        "reproducible": true,
        "module_usage": {
          "vision": {
            "coordinate_dimension": 582,
            "unused_coordinate_count": 0,
            "minimum_uses_per_coordinate": 24,
            "maximum_uses_per_coordinate": 60
          },
          "projector": {
            "coordinate_dimension": 2327,
            "unused_coordinate_count": 0,
            "minimum_uses_per_coordinate": 22,
            "maximum_uses_per_coordinate": 66
          },
          "language": {
            "coordinate_dimension": 1187,
            "unused_coordinate_count": 0,
            "minimum_uses_per_coordinate": 20,
            "maximum_uses_per_coordinate": 64
          }
        }
      }
    },
    "condition": "current-allocation",
    "coordinate_dimensions": {
      "vision": 582,
      "projector": 2327,
      "language": 1187
    },
    "total_coordinates": 4096,
    "mapping_factor_count": 22
  },
  "initial_frozen_parameter_sha256": "8db8f60ea8d42011df035d6af59fbe64c9fbda96f18c2e1bc542fe53ef52945f",
  "elapsed_seconds": 6.81457257270813,
  "peak_cuda_memory_bytes": 1145345536
}
