{
  "actual_description_length_is_an_observed_result": true,
  "archive_bits": 16984,
  "archive_bytes": 2123,
  "archive_path": "/home/lizhaohui/lzq/minimind-v-stage2-rerun-20260721/experiments/runs/phase3_risk_v1/M2-high-seed-43102/encode/adapter.mms2",
  "archive_sha256": "908e1615b0524d6fd0aee43bc7703bbaccbc861399d1d2b84892a98dd60e95b2",
  "budget": "high",
  "candidate_family_size": 18,
  "codec": "zlib-9",
  "comparison_claim": "equal_coordinate_budget_not_equal_description_length",
  "compressed_body_bytes": 2106,
  "config": {
    "directory_validation": {
      "candidate_family_size": 18,
      "comparison_claim": "equal_coordinate_budget_not_equal_description_length",
      "config_count": 18,
      "external_selection_bits": 5,
      "pair_count": 9,
      "status": "passed"
    },
    "manifest_path": "/home/lizhaohui/lzq/minimind-v-stage2/experiments/phase3_risk_v1/configs/manifest.json",
    "manifest_sha256": "721629f7f511cee5cbb7239c42a0c730d730235464ca8029ca1c47cb3cafe2b0",
    "path": "/home/lizhaohui/lzq/minimind-v-stage2/experiments/phase3_risk_v1/configs/M2-high-seed-43102.json",
    "sha256": "e48e4f37457bd60c1276d217dc68b5f1ce0493fd483aa5edf07618e631d45fec"
  },
  "config_id": "M2-high-seed-43102",
  "coordinate_groups": [
    {
      "dimension": 1163,
      "name": "vision",
      "scale_float32": 0.8756353855133057,
      "symbol_histogram": {
        "-1": 254,
        "-2": 18,
        "-3": 2,
        "0": 624,
        "1": 249,
        "2": 16,
        "3": 0
      }
    },
    {
      "dimension": 4654,
      "name": "projector",
      "scale_float32": 0.9890643954277039,
      "symbol_histogram": {
        "-1": 1045,
        "-2": 72,
        "-3": 1,
        "0": 2484,
        "1": 973,
        "2": 77,
        "3": 2
      }
    },
    {
      "dimension": 2375,
      "name": "language",
      "scale_float32": 0.37985309958457947,
      "symbol_histogram": {
        "-1": 234,
        "-2": 5,
        "-3": 1,
        "0": 1953,
        "1": 175,
        "2": 7,
        "3": 0
      }
    }
  ],
  "decode_reencode_byte_equivalence": true,
  "decoded_coordinate_state_sha256": "e962954e989f5e1b67a9e3957e372be93a2c54870b8aeadf2040e7444a087ca9",
  "decoded_coordinates_path": "/home/lizhaohui/lzq/minimind-v-stage2-rerun-20260721/experiments/runs/phase3_risk_v1/M2-high-seed-43102/encode/decoded_coordinates.pt",
  "decoded_coordinates_sha256": "3e917a4cd9132443b9adbdbec85b56aea7407492db3b9ef6de48b8cfd9aaf91b",
  "decoded_model_coordinate_state_sha256": "e962954e989f5e1b67a9e3957e372be93a2c54870b8aeadf2040e7444a087ca9",
  "decoded_model_structure": {
    "adapter": {
      "comparison_label": "equal_coordinate_budget_not_equal_description_length",
      "coordinate_dimensions": {
        "language": 2375,
        "projector": 4654,
        "vision": 1163
      },
      "initial_llm_load": {
        "allowed_missing_prefixes": [
          "vision_encoder.",
          "vision_proj."
        ],
        "exact_initial_tensor_match": true,
        "initial_state_key_count": 91,
        "missing_key_count": 212,
        "unexpected_keys": []
      },
      "initial_llm_sha256": "5b8c49f6c9d965092e651cafeeaeb8705558632b3fd4ac8ab319cbc5a3cbc4a0",
      "mapping_root": 43102,
      "mapping_statistics": {
        "language": {
          "dimension": 2375,
          "histogram": {
            "10": 8,
            "11": 12,
            "12": 26,
            "13": 40,
            "14": 62,
            "15": 93,
            "16": 126,
            "17": 153,
            "18": 165,
            "19": 195,
            "20": 182,
            "21": 212,
            "22": 207,
            "23": 173,
            "24": 161,
            "25": 163,
            "26": 110,
            "27": 77,
            "28": 69,
            "29": 49,
            "30": 33,
            "31": 19,
            "32": 11,
            "33": 5,
            "34": 10,
            "35": 3,
            "36": 1,
            "38": 1,
            "39": 1,
            "7": 1,
            "8": 3,
            "9": 4
          },
          "histogram_serialization": "canonical JSON object count->frequency",
          "histogram_sha256": "4df26ce2967b348e0f93c9f7af192d231f770a412a40336ef008bda7715346cc",
          "mapping_sha256": "1c500409426fdad6a9081deb5a14472d23b15bf950f2b888db3f34fc2d283ce2",
          "maximum": 39,
          "mean": 21.126736842105263,
          "minimum": 7
        },
        "projector": {
          "dimension": 4654,
          "histogram": {
            "10": 13,
            "11": 23,
            "12": 44,
            "13": 75,
            "14": 146,
            "15": 172,
            "16": 217,
            "17": 297,
            "18": 363,
            "19": 370,
            "20": 420,
            "21": 409,
            "22": 399,
            "23": 326,
            "24": 323,
            "25": 252,
            "26": 219,
            "27": 155,
            "28": 150,
            "29": 89,
            "30": 67,
            "31": 42,
            "32": 32,
            "33": 10,
            "34": 14,
            "35": 4,
            "36": 5,
            "37": 1,
            "38": 1,
            "39": 1,
            "40": 1,
            "5": 1,
            "7": 1,
            "8": 4,
            "9": 8
          },
          "histogram_serialization": "canonical JSON object count->frequency",
          "histogram_sha256": "e25cd0043c6ce9bd2ab5ee3e626b2d020f24a94865d061fc685c80aa01a831fb",
          "mapping_sha256": "4a832a84afe45a6c6a50578ac5f8d5ee7d38070a262baa927b4b8d02692b9adb",
          "maximum": 40,
          "mean": 21.122475290073055,
          "minimum": 5
        },
        "vision": {
          "dimension": 1163,
          "histogram": {
            "10": 2,
            "11": 9,
            "12": 12,
            "13": 21,
            "14": 28,
            "15": 51,
            "16": 59,
            "17": 71,
            "18": 72,
            "19": 96,
            "20": 118,
            "21": 91,
            "22": 88,
            "23": 96,
            "24": 77,
            "25": 67,
            "26": 63,
            "27": 37,
            "28": 36,
            "29": 24,
            "30": 12,
            "31": 11,
            "32": 6,
            "33": 6,
            "34": 3,
            "35": 2,
            "36": 1,
            "8": 2,
            "9": 2
          },
          "histogram_serialization": "canonical JSON object count->frequency",
          "histogram_sha256": "73e171e3f55160a44899d0ffb77a29395a144a820245e7fd1f21150f1712923b",
          "mapping_sha256": "05d77e9f66f5be84094f1b4b5e141fe8d01e17ce3123b60f4352280fbb114174",
          "maximum": 36,
          "mean": 21.131556319862426,
          "minimum": 8
        }
      },
      "model_group": "M2",
      "protocol": {
        "protocol_id": "minimind-v-stage2-joint-compression-v2",
        "protocol_sha256": "4a15ae6697081098973998f7340702368403fa81f39d6c8ed43172b74a55b5b3"
      },
      "wrapped_names": [
        "lm_head",
        "model.layers.0.self_attn.q_proj",
        "model.layers.0.self_attn.v_proj",
        "model.layers.7.self_attn.q_proj",
        "model.layers.7.self_attn.v_proj",
        "vision_encoder.vision_model.encoder.layers.10.self_attn.q_proj",
        "vision_encoder.vision_model.encoder.layers.10.self_attn.v_proj",
        "vision_encoder.vision_model.encoder.layers.11.self_attn.q_proj",
        "vision_encoder.vision_model.encoder.layers.11.self_attn.v_proj",
        "vision_proj.mlp.1",
        "vision_proj.mlp.3"
      ]
    },
    "coordinate_dimensions": {
      "language": 2375,
      "projector": 4654,
      "vision": 1163
    },
    "coordinate_state_sha256": "e962954e989f5e1b67a9e3957e372be93a2c54870b8aeadf2040e7444a087ca9",
    "projector_base": {
      "aggregate_tensor_sha256": "3712c79bd4859f543c9030e237a49797c3dfe064a457dcce21dd7cf6a227921a",
      "configuration": {
        "elementwise_affine": false,
        "eps": 1e-05,
        "normalized_shape": [
          768
        ]
      },
      "configuration_serialization": "canonical JSON",
      "configuration_sha256": "5b88036932ef590707662f2dc61d3d5c84de26de89f6188064a9b5d3d6d613b0",
      "tensor_hash_protocol": "SHA256 of C-order little-endian float32 raw bytes",
      "tensor_sha256": {
        "vision_proj.mlp.1.bias": "b84dab01932d5844cbef737e892677d0bfa1c1b8c650e773292a1d8cd84477c5",
        "vision_proj.mlp.1.weight": "637808c850b6caa99b20d95d7ae2cd836848f31ebe8025e8179a485ea33128a3",
        "vision_proj.mlp.3.bias": "646898f2f2627dcefdfbcc0fe36d9b6113fb439f26eaf8b9f08c021f0541fa31",
        "vision_proj.mlp.3.weight": "31f5fc3242249bf75b38f602ce58135bb43fa5cc4f8f95390288197efecad17b"
      }
    },
    "trainable_parameter_count": 8192,
    "trainable_parameter_names": [
      "stage2_coordinates.coordinates.language",
      "stage2_coordinates.coordinates.projector",
      "stage2_coordinates.coordinates.vision"
    ]
  },
  "existing_coordinate_loader_equivalence": true,
  "external_hyperparameter_bits": 0,
  "external_selection_bits": 5,
  "external_selection_bits_rule": "ceil(log2(candidate_family_size))",
  "format": "MMS2",
  "format_version": 1,
  "mapping_root": 43102,
  "mms2_header_recounted_as_external_metadata": false,
  "model_group": "M2",
  "quantization_bits_label": 3,
  "quantization_levels": [
    -3,
    -2,
    -1,
    0,
    1,
    2,
    3
  ],
  "runtime_preflight": {
    "config_id": "M2-high-seed-43102",
    "environment": {
      "mode": "stage2",
      "pip_freeze_sha256": "d58af1bd5fa2e1a8973bb5f04c38e1ad26a32e338e515fa56014d1964ae77f4c",
      "python_executable": "/home/lizhaohui/lzq/minimind-v/.conda-env/bin/python3.10"
    },
    "git": {
      "branch": "stage3-v5-completion",
      "head_commit": "6cfe342e9889ae496e370c6c42544c8150fac1c2",
      "tracked_status": ""
    },
    "gpu": null,
    "stage2_protocol": {
      "protocol_id": "minimind-v-stage2-joint-compression-v2",
      "protocol_sha256": "4a15ae6697081098973998f7340702368403fa81f39d6c8ed43172b74a55b5b3"
    },
    "status": "passed",
    "training_data": {
      "path": "/home/lizhaohui/lzq/minimind-v-stage2-rerun-20260721/dataset/stage2_confirm_v2_seed2028/train.parquet",
      "sha256": "3c3d90c525f43200d35ebd5b4ac1719c8336d278aecbf7e929997c8401b1d5ce"
    }
  },
  "schema_version": 1,
  "status": "complete",
  "total_coordinate_budget": 8192,
  "total_description_bits": 16989,
  "total_description_bits_definition": "archive_bits + external_selection_bits + external_hyperparameter_bits",
  "training_manifest_path": "/home/lizhaohui/lzq/minimind-v-stage2-rerun-20260721/experiments/runs/phase3_risk_v1/M2-high-seed-43102/training/training_manifest.json",
  "training_manifest_sha256": "faa640bddfa3a7c5e88ae3778bd7f26ce75124c737c16d1b40fed10ce5698897",
  "uncompressed_body_bytes": 8216
}
