{
  "actual_description_length_is_an_observed_result": true,
  "archive_bits": 5664,
  "archive_bytes": 708,
  "archive_path": "/home/lizhaohui/lzq/minimind-v-stage2-rerun-20260721/experiments/runs/phase3_risk_v1/M2-low-seed-43101/encode/adapter.mms2",
  "archive_sha256": "4103437168511d1fe5d5d5f21d0589caa86d5a05610d3acb55eac0cac4ff1417",
  "budget": "low",
  "candidate_family_size": 18,
  "codec": "zlib-9",
  "comparison_claim": "equal_coordinate_budget_not_equal_description_length",
  "compressed_body_bytes": 691,
  "config": {
    "directory_validation": {
      "candidate_family_size": 18,
      "comparison_claim": "equal_coordinate_budget_not_equal_description_length",
      "config_count": 18,
      "external_selection_bits": 5,
      "pair_count": 9,
      "status": "passed"
    },
    "manifest_path": "/home/lizhaohui/lzq/minimind-v-stage2/experiments/phase3_risk_v1/configs/manifest.json",
    "manifest_sha256": "721629f7f511cee5cbb7239c42a0c730d730235464ca8029ca1c47cb3cafe2b0",
    "path": "/home/lizhaohui/lzq/minimind-v-stage2/experiments/phase3_risk_v1/configs/M2-low-seed-43101.json",
    "sha256": "e21db6a3304148ac619c69f6e29fce061359b371dc42a88fb4d017b1b7e79ec0"
  },
  "config_id": "M2-low-seed-43101",
  "coordinate_groups": [
    {
      "dimension": 291,
      "name": "vision",
      "scale_float32": 1.455458641052246,
      "symbol_histogram": {
        "-1": 72,
        "-2": 9,
        "-3": 2,
        "0": 132,
        "1": 66,
        "2": 8,
        "3": 2
      }
    },
    {
      "dimension": 1163,
      "name": "projector",
      "scale_float32": 0.8332734107971191,
      "symbol_histogram": {
        "-1": 292,
        "-2": 33,
        "-3": 2,
        "0": 543,
        "1": 256,
        "2": 36,
        "3": 1
      }
    },
    {
      "dimension": 594,
      "name": "language",
      "scale_float32": 0.23856675624847412,
      "symbol_histogram": {
        "-1": 121,
        "-2": 13,
        "-3": 3,
        "0": 320,
        "1": 120,
        "2": 15,
        "3": 2
      }
    }
  ],
  "decode_reencode_byte_equivalence": true,
  "decoded_coordinate_state_sha256": "6a93e028513300dfd56a393620f43dacfe0fc1875e2148f67cf05887aaa3dc87",
  "decoded_coordinates_path": "/home/lizhaohui/lzq/minimind-v-stage2-rerun-20260721/experiments/runs/phase3_risk_v1/M2-low-seed-43101/encode/decoded_coordinates.pt",
  "decoded_coordinates_sha256": "c2b520a8b9da334d634d7900fa7a2bd581f5d67999b0ba2d47543ec0b7be5a8b",
  "decoded_model_coordinate_state_sha256": "6a93e028513300dfd56a393620f43dacfe0fc1875e2148f67cf05887aaa3dc87",
  "decoded_model_structure": {
    "adapter": {
      "comparison_label": "equal_coordinate_budget_not_equal_description_length",
      "coordinate_dimensions": {
        "language": 594,
        "projector": 1163,
        "vision": 291
      },
      "initial_llm_load": {
        "allowed_missing_prefixes": [
          "vision_encoder.",
          "vision_proj."
        ],
        "exact_initial_tensor_match": true,
        "initial_state_key_count": 91,
        "missing_key_count": 212,
        "unexpected_keys": []
      },
      "initial_llm_sha256": "5b8c49f6c9d965092e651cafeeaeb8705558632b3fd4ac8ab319cbc5a3cbc4a0",
      "mapping_root": 43101,
      "mapping_statistics": {
        "language": {
          "dimension": 594,
          "histogram": {
            "100": 7,
            "101": 3,
            "102": 8,
            "103": 3,
            "104": 3,
            "106": 1,
            "107": 3,
            "112": 2,
            "119": 1,
            "51": 1,
            "56": 1,
            "59": 1,
            "60": 1,
            "64": 2,
            "65": 1,
            "66": 4,
            "67": 6,
            "68": 3,
            "69": 6,
            "70": 12,
            "71": 3,
            "72": 14,
            "73": 8,
            "74": 18,
            "75": 13,
            "76": 15,
            "77": 19,
            "78": 29,
            "79": 22,
            "80": 27,
            "81": 28,
            "82": 26,
            "83": 21,
            "84": 20,
            "85": 22,
            "86": 29,
            "87": 28,
            "88": 26,
            "89": 24,
            "90": 8,
            "91": 22,
            "92": 18,
            "93": 18,
            "94": 16,
            "95": 10,
            "96": 10,
            "97": 11,
            "98": 12,
            "99": 8
          },
          "histogram_serialization": "canonical JSON object count->frequency",
          "histogram_sha256": "04959947786391c47c72c2ce91f5d2268f00f68ad86ec0c7a2b6d014ddd56f7c",
          "mapping_sha256": "5ce1069d228a8c0c9773513f8aa1030b8b214382755d76583169bbb15ee61579",
          "maximum": 119,
          "mean": 84.47138047138047,
          "minimum": 51
        },
        "projector": {
          "dimension": 1163,
          "histogram": {
            "100": 13,
            "101": 15,
            "102": 10,
            "103": 7,
            "104": 10,
            "105": 2,
            "106": 3,
            "107": 2,
            "108": 4,
            "109": 1,
            "111": 1,
            "114": 2,
            "115": 1,
            "54": 1,
            "56": 1,
            "58": 1,
            "59": 1,
            "62": 3,
            "63": 5,
            "64": 1,
            "65": 6,
            "66": 4,
            "67": 10,
            "68": 15,
            "69": 15,
            "70": 15,
            "71": 21,
            "72": 17,
            "73": 28,
            "74": 33,
            "75": 26,
            "76": 34,
            "77": 33,
            "78": 35,
            "79": 40,
            "80": 45,
            "81": 42,
            "82": 46,
            "83": 58,
            "84": 51,
            "85": 48,
            "86": 58,
            "87": 42,
            "88": 42,
            "89": 47,
            "90": 36,
            "91": 42,
            "92": 31,
            "93": 30,
            "94": 32,
            "95": 22,
            "96": 20,
            "97": 23,
            "98": 10,
            "99": 22
          },
          "histogram_serialization": "canonical JSON object count->frequency",
          "histogram_sha256": "eaceb3817273f23a0aeacc7104d2caebfa90c5768bea83e1bf77c5abd6d59135",
          "mapping_sha256": "a9f1dbf5d43e92f1f92e6120984ff5d1e1cc2b3f5ea4e571eefa8cb428056155",
          "maximum": 115,
          "mean": 84.5262252794497,
          "minimum": 54
        },
        "vision": {
          "dimension": 291,
          "histogram": {
            "100": 3,
            "101": 4,
            "102": 1,
            "103": 1,
            "104": 2,
            "106": 1,
            "108": 1,
            "110": 1,
            "112": 1,
            "116": 1,
            "53": 1,
            "58": 1,
            "62": 1,
            "63": 2,
            "64": 1,
            "65": 3,
            "66": 3,
            "67": 3,
            "69": 4,
            "70": 1,
            "71": 4,
            "72": 6,
            "73": 5,
            "74": 6,
            "75": 5,
            "76": 9,
            "77": 10,
            "78": 8,
            "79": 10,
            "80": 16,
            "81": 13,
            "82": 11,
            "83": 16,
            "84": 18,
            "85": 10,
            "86": 8,
            "87": 10,
            "88": 9,
            "89": 7,
            "90": 11,
            "91": 7,
            "92": 6,
            "93": 11,
            "94": 10,
            "95": 7,
            "96": 10,
            "97": 6,
            "98": 5,
            "99": 1
          },
          "histogram_serialization": "canonical JSON object count->frequency",
          "histogram_sha256": "c1cc8eaba960b4e397444723cbbd01bc68ad2a0f4f40c4ee10739e63aa2a8a10",
          "mapping_sha256": "8c37d12912f8e29d5669e7c768e91251779f2d901d74992661459ef31899e1a8",
          "maximum": 116,
          "mean": 84.45360824742268,
          "minimum": 53
        }
      },
      "model_group": "M2",
      "protocol": {
        "protocol_id": "minimind-v-stage2-joint-compression-v2",
        "protocol_sha256": "4a15ae6697081098973998f7340702368403fa81f39d6c8ed43172b74a55b5b3"
      },
      "wrapped_names": [
        "lm_head",
        "model.layers.0.self_attn.q_proj",
        "model.layers.0.self_attn.v_proj",
        "model.layers.7.self_attn.q_proj",
        "model.layers.7.self_attn.v_proj",
        "vision_encoder.vision_model.encoder.layers.10.self_attn.q_proj",
        "vision_encoder.vision_model.encoder.layers.10.self_attn.v_proj",
        "vision_encoder.vision_model.encoder.layers.11.self_attn.q_proj",
        "vision_encoder.vision_model.encoder.layers.11.self_attn.v_proj",
        "vision_proj.mlp.1",
        "vision_proj.mlp.3"
      ]
    },
    "coordinate_dimensions": {
      "language": 594,
      "projector": 1163,
      "vision": 291
    },
    "coordinate_state_sha256": "6a93e028513300dfd56a393620f43dacfe0fc1875e2148f67cf05887aaa3dc87",
    "projector_base": {
      "aggregate_tensor_sha256": "3712c79bd4859f543c9030e237a49797c3dfe064a457dcce21dd7cf6a227921a",
      "configuration": {
        "elementwise_affine": false,
        "eps": 1e-05,
        "normalized_shape": [
          768
        ]
      },
      "configuration_serialization": "canonical JSON",
      "configuration_sha256": "5b88036932ef590707662f2dc61d3d5c84de26de89f6188064a9b5d3d6d613b0",
      "tensor_hash_protocol": "SHA256 of C-order little-endian float32 raw bytes",
      "tensor_sha256": {
        "vision_proj.mlp.1.bias": "b84dab01932d5844cbef737e892677d0bfa1c1b8c650e773292a1d8cd84477c5",
        "vision_proj.mlp.1.weight": "637808c850b6caa99b20d95d7ae2cd836848f31ebe8025e8179a485ea33128a3",
        "vision_proj.mlp.3.bias": "646898f2f2627dcefdfbcc0fe36d9b6113fb439f26eaf8b9f08c021f0541fa31",
        "vision_proj.mlp.3.weight": "31f5fc3242249bf75b38f602ce58135bb43fa5cc4f8f95390288197efecad17b"
      }
    },
    "trainable_parameter_count": 2048,
    "trainable_parameter_names": [
      "stage2_coordinates.coordinates.language",
      "stage2_coordinates.coordinates.projector",
      "stage2_coordinates.coordinates.vision"
    ]
  },
  "existing_coordinate_loader_equivalence": true,
  "external_hyperparameter_bits": 0,
  "external_selection_bits": 5,
  "external_selection_bits_rule": "ceil(log2(candidate_family_size))",
  "format": "MMS2",
  "format_version": 1,
  "mapping_root": 43101,
  "mms2_header_recounted_as_external_metadata": false,
  "model_group": "M2",
  "quantization_bits_label": 3,
  "quantization_levels": [
    -3,
    -2,
    -1,
    0,
    1,
    2,
    3
  ],
  "runtime_preflight": {
    "config_id": "M2-low-seed-43101",
    "environment": {
      "mode": "stage2",
      "pip_freeze_sha256": "d58af1bd5fa2e1a8973bb5f04c38e1ad26a32e338e515fa56014d1964ae77f4c",
      "python_executable": "/home/lizhaohui/lzq/minimind-v/.conda-env/bin/python3.10"
    },
    "git": {
      "branch": "stage3-v5-completion",
      "head_commit": "6cfe342e9889ae496e370c6c42544c8150fac1c2",
      "tracked_status": ""
    },
    "gpu": null,
    "stage2_protocol": {
      "protocol_id": "minimind-v-stage2-joint-compression-v2",
      "protocol_sha256": "4a15ae6697081098973998f7340702368403fa81f39d6c8ed43172b74a55b5b3"
    },
    "status": "passed",
    "training_data": {
      "path": "/home/lizhaohui/lzq/minimind-v-stage2-rerun-20260721/dataset/stage2_confirm_v2_seed2028/train.parquet",
      "sha256": "3c3d90c525f43200d35ebd5b4ac1719c8336d278aecbf7e929997c8401b1d5ce"
    }
  },
  "schema_version": 1,
  "status": "complete",
  "total_coordinate_budget": 2048,
  "total_description_bits": 5669,
  "total_description_bits_definition": "archive_bits + external_selection_bits + external_hyperparameter_bits",
  "training_manifest_path": "/home/lizhaohui/lzq/minimind-v-stage2-rerun-20260721/experiments/runs/phase3_risk_v1/M2-low-seed-43101/training/training_manifest.json",
  "training_manifest_sha256": "d5985fecbfb6a1e164bd097f568f9c87e51346cafb24a2590758d4bfc9b98f9b",
  "uncompressed_body_bytes": 2072
}
