config=M3-low-seed-43101 scored_images=32/1343 records=103
config=M3-low-seed-43101 scored_images=64/1343 records=207
config=M3-low-seed-43101 scored_images=96/1343 records=314
config=M3-low-seed-43101 scored_images=128/1343 records=390
config=M3-low-seed-43101 scored_images=160/1343 records=513
config=M3-low-seed-43101 scored_images=192/1343 records=628
config=M3-low-seed-43101 scored_images=224/1343 records=724
config=M3-low-seed-43101 scored_images=256/1343 records=844
config=M3-low-seed-43101 scored_images=288/1343 records=960
config=M3-low-seed-43101 scored_images=320/1343 records=1057
config=M3-low-seed-43101 scored_images=352/1343 records=1147
config=M3-low-seed-43101 scored_images=384/1343 records=1271
config=M3-low-seed-43101 scored_images=416/1343 records=1362
config=M3-low-seed-43101 scored_images=448/1343 records=1451
config=M3-low-seed-43101 scored_images=480/1343 records=1534
config=M3-low-seed-43101 scored_images=512/1343 records=1661
config=M3-low-seed-43101 scored_images=544/1343 records=1758
config=M3-low-seed-43101 scored_images=576/1343 records=1856
config=M3-low-seed-43101 scored_images=608/1343 records=1953
config=M3-low-seed-43101 scored_images=640/1343 records=2020
config=M3-low-seed-43101 scored_images=672/1343 records=2112
config=M3-low-seed-43101 scored_images=704/1343 records=2216
config=M3-low-seed-43101 scored_images=736/1343 records=2326
config=M3-low-seed-43101 scored_images=768/1343 records=2429
config=M3-low-seed-43101 scored_images=800/1343 records=2511
config=M3-low-seed-43101 scored_images=832/1343 records=2604
config=M3-low-seed-43101 scored_images=864/1343 records=2703
config=M3-low-seed-43101 scored_images=896/1343 records=2808
config=M3-low-seed-43101 scored_images=928/1343 records=2913
config=M3-low-seed-43101 scored_images=960/1343 records=3000
config=M3-low-seed-43101 scored_images=992/1343 records=3072
config=M3-low-seed-43101 scored_images=1024/1343 records=3158
config=M3-low-seed-43101 scored_images=1056/1343 records=3254
config=M3-low-seed-43101 scored_images=1088/1343 records=3354
config=M3-low-seed-43101 scored_images=1120/1343 records=3465
config=M3-low-seed-43101 scored_images=1152/1343 records=3545
config=M3-low-seed-43101 scored_images=1184/1343 records=3630
config=M3-low-seed-43101 scored_images=1216/1343 records=3712
config=M3-low-seed-43101 scored_images=1248/1343 records=3811
config=M3-low-seed-43101 scored_images=1280/1343 records=3901
config=M3-low-seed-43101 scored_images=1312/1343 records=3995
config=M3-low-seed-43101 scored_images=1343/1343 records=4107
{
  "all_scores_finite": true,
  "automatic_retry": false,
  "cache_no_cache_equivalence": {
    "cached_mean_logprob": [
      -2.7950560711324215,
      -7.057092030843099
    ],
    "cached_target_counts": [
      4,
      3
    ],
    "direct_mean_logprob": [
      -2.7950560711324215,
      -7.057092030843099
    ],
    "direct_target_counts": [
      4,
      3
    ],
    "exact_float_equality": true,
    "filename": "000000000724.jpg",
    "maximum_abs_difference": 0.0,
    "sample_id": "replace_attribute:727",
    "target_count_equality": true
  },
  "cache_receipt_path": "/home/lizhaohui/lzq/minimind-v-stage2-rerun-20260721/experiments/runs/phase3_risk_v1/M3-low-seed-43101/scoring/cache_receipt.json",
  "candidate_and_hull_rule": "unchanged frozen Phase 3 v6 contrast-hull scorer",
  "certified": false,
  "config": {
    "directory_validation": {
      "candidate_family_size": 18,
      "comparison_claim": "equal_coordinate_budget_not_equal_description_length",
      "config_count": 18,
      "external_selection_bits": 5,
      "pair_count": 9,
      "status": "passed"
    },
    "manifest_path": "/home/lizhaohui/lzq/minimind-v-stage2/experiments/phase3_risk_v1/configs/manifest.json",
    "manifest_sha256": "721629f7f511cee5cbb7239c42a0c730d730235464ca8029ca1c47cb3cafe2b0",
    "path": "/home/lizhaohui/lzq/minimind-v-stage2/experiments/phase3_risk_v1/configs/M3-low-seed-43101.json",
    "sha256": "7643bfeb5f84720cb97c60b174fdbddffad1fa59091d2de9075496f0d20afe6e"
  },
  "config_id": "M3-low-seed-43101",
  "environment": {
    "Pillow": "10.4.0",
    "autocast_enabled": false,
    "cuda": "12.4",
    "cuda_available": true,
    "cuda_matmul_allow_tf32": false,
    "cudnn": 90100,
    "cudnn_allow_tf32": false,
    "cudnn_benchmark": false,
    "cudnn_deterministic": true,
    "device": "cuda:0",
    "gpu": {
      "compute_capability": [
        8,
        6
      ],
      "index": 0,
      "name": "NVIDIA A40",
      "total_memory_bytes": 47709159424
    },
    "model_dtype": "float32",
    "numpy": "1.26.4",
    "platform": "Linux-5.4.0-216-generic-x86_64-with-glibc2.31",
    "python": "3.11.15",
    "scipy": "1.13.1",
    "torch": "2.6.0+cu124",
    "transformers": "4.57.6"
  },
  "evaluation_rule_changed": false,
  "evaluation_seed": 3407,
  "frozen_v6_logical_device": "cuda:3",
  "frozen_v6_protocol_sha256": "3cbf89287ef5c75657bf0df6ed1170f0ab1c916ac5aacc0c009fb80c3bbf9195",
  "identity_check_passed": true,
  "identity_tolerance": 1e-06,
  "image_count": 1343,
  "invalid_for_formal_certification_reasons": [
    "post_hoc_metric_design",
    "coupled_mismatch_donors"
  ],
  "logical_device_remap_only": true,
  "m0_check": "not_applicable_to_M2_M3",
  "maximum_identity_error": 2.220446049250313e-16,
  "mismatch_k": 5,
  "model_summary_path": "/home/lizhaohui/lzq/minimind-v-stage2-rerun-20260721/experiments/runs/phase3_risk_v1/M3-low-seed-43101/scoring/model_summary.json",
  "model_summary_sha256": "c0972c2f1e7fc5b3b9828fc77d44483b13d19f220b4534a743acf397c653c0ea",
  "old_v6_fields_retained": true,
  "q_correct_and_five_mismatch_per_sample": true,
  "record_count": 4107,
  "risk_ranges_passed": true,
  "runtime_preflight": {
    "config_id": "M3-low-seed-43101",
    "environment": {
      "mode": "v6",
      "pip_freeze_sha256": null,
      "python_executable": "/home/lizhaohui/lzq/phase3_runtime/phase3_v5/env/bin/python3.11"
    },
    "git": {
      "branch": "stage3-v5-completion",
      "head_commit": "6cfe342e9889ae496e370c6c42544c8150fac1c2",
      "tracked_status": ""
    },
    "gpu": {
      "free_memory_mib": 18875,
      "idle_at_preflight": false,
      "idle_definition": "absent from nvidia-smi compute-process GPU UUIDs at dispatch and at every formal stage preflight",
      "minimum_free_memory_mib": 12288,
      "name": "NVIDIA A40",
      "physical_index": 2,
      "policy": "dynamic_idle_a40_pool",
      "shared_gpu_execution": true,
      "shared_gpu_user_authorized": true,
      "uuid": "GPU-c9a8863d-0fc8-4a4a-d8ab-ff06e1466f11"
    },
    "stage2_protocol": {
      "protocol_id": "minimind-v-stage2-joint-compression-v2",
      "protocol_sha256": "4a15ae6697081098973998f7340702368403fa81f39d6c8ed43172b74a55b5b3"
    },
    "status": "passed",
    "training_data": {
      "path": "/home/lizhaohui/lzq/minimind-v-stage2-rerun-20260721/dataset/stage2_confirm_v2_seed2028/train.parquet",
      "sha256": "3c3d90c525f43200d35ebd5b4ac1719c8336d278aecbf7e929997c8401b1d5ce"
    }
  },
  "runtime_single_visible_gpu_logical_device": "cuda:0",
  "schema_version": 1,
  "seconds": 340.4921700954437,
  "shards": [
    {
      "end_image": 32,
      "path": "/home/lizhaohui/lzq/minimind-v-stage2-rerun-20260721/experiments/runs/phase3_risk_v1/M3-low-seed-43101/scoring/shards/0000_0032.jsonl",
      "record_count": 103,
      "sha256": "f3450fb5f9e907dead0afe6ef9439351df43052ac8e84e50a804e52aefc12e85",
      "start_image": 0
    },
    {
      "end_image": 64,
      "path": "/home/lizhaohui/lzq/minimind-v-stage2-rerun-20260721/experiments/runs/phase3_risk_v1/M3-low-seed-43101/scoring/shards/0032_0064.jsonl",
      "record_count": 104,
      "sha256": "bd5cea920f1aa8fc4f16a01e679b7885c0ac56f07340157c3a6006e9d552cc83",
      "start_image": 32
    },
    {
      "end_image": 96,
      "path": "/home/lizhaohui/lzq/minimind-v-stage2-rerun-20260721/experiments/runs/phase3_risk_v1/M3-low-seed-43101/scoring/shards/0064_0096.jsonl",
      "record_count": 107,
      "sha256": "d60c4b0dc2f3c37bfff529a9459a4b6e2c9094eac5b7fa48441caae28538d01a",
      "start_image": 64
    },
    {
      "end_image": 128,
      "path": "/home/lizhaohui/lzq/minimind-v-stage2-rerun-20260721/experiments/runs/phase3_risk_v1/M3-low-seed-43101/scoring/shards/0096_0128.jsonl",
      "record_count": 76,
      "sha256": "e80d78a823f8c02b9728d19f0ad218b8f21136c0f583aea8acb263de53b53b9b",
      "start_image": 96
    },
    {
      "end_image": 160,
      "path": "/home/lizhaohui/lzq/minimind-v-stage2-rerun-20260721/experiments/runs/phase3_risk_v1/M3-low-seed-43101/scoring/shards/0128_0160.jsonl",
      "record_count": 123,
      "sha256": "c722cfa4c95b1aa75ddda2ef46d94d74a6ba38c1e6a1aa0453d67d6d466c57aa",
      "start_image": 128
    },
    {
      "end_image": 192,
      "path": "/home/lizhaohui/lzq/minimind-v-stage2-rerun-20260721/experiments/runs/phase3_risk_v1/M3-low-seed-43101/scoring/shards/0160_0192.jsonl",
      "record_count": 115,
      "sha256": "edf84467899c538db7d935b16316f62f97e9b73bfccff5ec430178cf6ca0b7fd",
      "start_image": 160
    },
    {
      "end_image": 224,
      "path": "/home/lizhaohui/lzq/minimind-v-stage2-rerun-20260721/experiments/runs/phase3_risk_v1/M3-low-seed-43101/scoring/shards/0192_0224.jsonl",
      "record_count": 96,
      "sha256": "45e7334c9c928db2d18b2dbb2893674d6400e2b8c6659d328ea6dd2110411961",
      "start_image": 192
    },
    {
      "end_image": 256,
      "path": "/home/lizhaohui/lzq/minimind-v-stage2-rerun-20260721/experiments/runs/phase3_risk_v1/M3-low-seed-43101/scoring/shards/0224_0256.jsonl",
      "record_count": 120,
      "sha256": "3d5cc10be60659a96a55b2aa7c96d657db9f575d953db5b1f5a10c9dbd99c2d5",
      "start_image": 224
    },
    {
      "end_image": 288,
      "path": "/home/lizhaohui/lzq/minimind-v-stage2-rerun-20260721/experiments/runs/phase3_risk_v1/M3-low-seed-43101/scoring/shards/0256_0288.jsonl",
      "record_count": 116,
      "sha256": "d22bad28676048389bd3d5b8651145132c3977950715a00b4d925aa32e811427",
      "start_image": 256
    },
    {
      "end_image": 320,
      "path": "/home/lizhaohui/lzq/minimind-v-stage2-rerun-20260721/experiments/runs/phase3_risk_v1/M3-low-seed-43101/scoring/shards/0288_0320.jsonl",
      "record_count": 97,
      "sha256": "90893205e74b710ca89128503b3930958bf90653399acc2eceb72ecdd27ca6cd",
      "start_image": 288
    },
    {
      "end_image": 352,
      "path": "/home/lizhaohui/lzq/minimind-v-stage2-rerun-20260721/experiments/runs/phase3_risk_v1/M3-low-seed-43101/scoring/shards/0320_0352.jsonl",
      "record_count": 90,
      "sha256": "b1b0c353e626cd1c574665a296b040a8f693f2e482da8ac3665bf820e4b6fee4",
      "start_image": 320
    },
    {
      "end_image": 384,
      "path": "/home/lizhaohui/lzq/minimind-v-stage2-rerun-20260721/experiments/runs/phase3_risk_v1/M3-low-seed-43101/scoring/shards/0352_0384.jsonl",
      "record_count": 124,
      "sha256": "5985281f89123e84fc4ffc4fd12bd6e12d48f943da868a9ba79e89a44ad2862d",
      "start_image": 352
    },
    {
      "end_image": 416,
      "path": "/home/lizhaohui/lzq/minimind-v-stage2-rerun-20260721/experiments/runs/phase3_risk_v1/M3-low-seed-43101/scoring/shards/0384_0416.jsonl",
      "record_count": 91,
      "sha256": "7e1b6668869eef9903724aa60f291929459f2ec407729d168707db76318076ed",
      "start_image": 384
    },
    {
      "end_image": 448,
      "path": "/home/lizhaohui/lzq/minimind-v-stage2-rerun-20260721/experiments/runs/phase3_risk_v1/M3-low-seed-43101/scoring/shards/0416_0448.jsonl",
      "record_count": 89,
      "sha256": "2ad183fd467c2e49ac7cd7e482dcd6692d9edb546048fc371f270d69275dac1d",
      "start_image": 416
    },
    {
      "end_image": 480,
      "path": "/home/lizhaohui/lzq/minimind-v-stage2-rerun-20260721/experiments/runs/phase3_risk_v1/M3-low-seed-43101/scoring/shards/0448_0480.jsonl",
      "record_count": 83,
      "sha256": "a0102350c526eb7b634ebcdccc00a389c8de246acc62fcee0399b95de7634d68",
      "start_image": 448
    },
    {
      "end_image": 512,
      "path": "/home/lizhaohui/lzq/minimind-v-stage2-rerun-20260721/experiments/runs/phase3_risk_v1/M3-low-seed-43101/scoring/shards/0480_0512.jsonl",
      "record_count": 127,
      "sha256": "18ad16e574562ce53a76edd81c8c602daac267cfe006d5648a14d2d1061144fb",
      "start_image": 480
    },
    {
      "end_image": 544,
      "path": "/home/lizhaohui/lzq/minimind-v-stage2-rerun-20260721/experiments/runs/phase3_risk_v1/M3-low-seed-43101/scoring/shards/0512_0544.jsonl",
      "record_count": 97,
      "sha256": "6a9e0ec0bc2c0281dcf15ab347a61f2aacc58b05e11225c36437139c39c8ea7b",
      "start_image": 512
    },
    {
      "end_image": 576,
      "path": "/home/lizhaohui/lzq/minimind-v-stage2-rerun-20260721/experiments/runs/phase3_risk_v1/M3-low-seed-43101/scoring/shards/0544_0576.jsonl",
      "record_count": 98,
      "sha256": "50c0f0bafcdedd308853b970ba0a2a111cb0c25871f0c3e54c83889ece82861e",
      "start_image": 544
    },
    {
      "end_image": 608,
      "path": "/home/lizhaohui/lzq/minimind-v-stage2-rerun-20260721/experiments/runs/phase3_risk_v1/M3-low-seed-43101/scoring/shards/0576_0608.jsonl",
      "record_count": 97,
      "sha256": "103deda23eeb763d9f767555a29996de12d77badfdf06339ed5c0b7caa06a055",
      "start_image": 576
    },
    {
      "end_image": 640,
      "path": "/home/lizhaohui/lzq/minimind-v-stage2-rerun-20260721/experiments/runs/phase3_risk_v1/M3-low-seed-43101/scoring/shards/0608_0640.jsonl",
      "record_count": 67,
      "sha256": "c3feeced56c4df836083437b2fb9530f09095756fc4794318ea5b61c9ffeb895",
      "start_image": 608
    },
    {
      "end_image": 672,
      "path": "/home/lizhaohui/lzq/minimind-v-stage2-rerun-20260721/experiments/runs/phase3_risk_v1/M3-low-seed-43101/scoring/shards/0640_0672.jsonl",
      "record_count": 92,
      "sha256": "b19058f4aaa045005fcb6836af94935b4500158894df7669f408664c2717c9d8",
      "start_image": 640
    },
    {
      "end_image": 704,
      "path": "/home/lizhaohui/lzq/minimind-v-stage2-rerun-20260721/experiments/runs/phase3_risk_v1/M3-low-seed-43101/scoring/shards/0672_0704.jsonl",
      "record_count": 104,
      "sha256": "856df512a82914fcf5f94740718ea2d7a8e5badb68fdbdf88b2f6f3631b5813c",
      "start_image": 672
    },
    {
      "end_image": 736,
      "path": "/home/lizhaohui/lzq/minimind-v-stage2-rerun-20260721/experiments/runs/phase3_risk_v1/M3-low-seed-43101/scoring/shards/0704_0736.jsonl",
      "record_count": 110,
      "sha256": "161c7f5d2f11c0143701f3fbfa5b32b2536a57660640a620927c51472ee7c66d",
      "start_image": 704
    },
    {
      "end_image": 768,
      "path": "/home/lizhaohui/lzq/minimind-v-stage2-rerun-20260721/experiments/runs/phase3_risk_v1/M3-low-seed-43101/scoring/shards/0736_0768.jsonl",
      "record_count": 103,
      "sha256": "2108ec31a8ee714fc9bab48d0389d8063957cb6b8317ac3a21bbda10680fe43e",
      "start_image": 736
    },
    {
      "end_image": 800,
      "path": "/home/lizhaohui/lzq/minimind-v-stage2-rerun-20260721/experiments/runs/phase3_risk_v1/M3-low-seed-43101/scoring/shards/0768_0800.jsonl",
      "record_count": 82,
      "sha256": "c4d316943f1d5bcbfadb5f7be72b9e3325130b30d1b1fc5c17ceabddb1e67180",
      "start_image": 768
    },
    {
      "end_image": 832,
      "path": "/home/lizhaohui/lzq/minimind-v-stage2-rerun-20260721/experiments/runs/phase3_risk_v1/M3-low-seed-43101/scoring/shards/0800_0832.jsonl",
      "record_count": 93,
      "sha256": "b5426be4825c011b6f44a808cc94916c19d52cf5acb311555ed51857834fbd30",
      "start_image": 800
    },
    {
      "end_image": 864,
      "path": "/home/lizhaohui/lzq/minimind-v-stage2-rerun-20260721/experiments/runs/phase3_risk_v1/M3-low-seed-43101/scoring/shards/0832_0864.jsonl",
      "record_count": 99,
      "sha256": "7668744ffa0ffb0941b5c6ed0205c3970ae1e8bf53080db1925e92de2f198f5e",
      "start_image": 832
    },
    {
      "end_image": 896,
      "path": "/home/lizhaohui/lzq/minimind-v-stage2-rerun-20260721/experiments/runs/phase3_risk_v1/M3-low-seed-43101/scoring/shards/0864_0896.jsonl",
      "record_count": 105,
      "sha256": "d7fa3e74db40e2b075e9496a764801ba43c7af901027a5a4a11f51f2eddfac28",
      "start_image": 864
    },
    {
      "end_image": 928,
      "path": "/home/lizhaohui/lzq/minimind-v-stage2-rerun-20260721/experiments/runs/phase3_risk_v1/M3-low-seed-43101/scoring/shards/0896_0928.jsonl",
      "record_count": 105,
      "sha256": "ba5c4f939d2c3195933bd6f5bd72209a8651988293f21c107feaec7cceec772e",
      "start_image": 896
    },
    {
      "end_image": 960,
      "path": "/home/lizhaohui/lzq/minimind-v-stage2-rerun-20260721/experiments/runs/phase3_risk_v1/M3-low-seed-43101/scoring/shards/0928_0960.jsonl",
      "record_count": 87,
      "sha256": "65834dce4f84c14395c2ac29616c18173c5815cfae93ded3e4bc246bb6b56f04",
      "start_image": 928
    },
    {
      "end_image": 992,
      "path": "/home/lizhaohui/lzq/minimind-v-stage2-rerun-20260721/experiments/runs/phase3_risk_v1/M3-low-seed-43101/scoring/shards/0960_0992.jsonl",
      "record_count": 72,
      "sha256": "c8850de515a8c9f450c54fdc7fd6a052b8280c083c01b98251ef96927204b784",
      "start_image": 960
    },
    {
      "end_image": 1024,
      "path": "/home/lizhaohui/lzq/minimind-v-stage2-rerun-20260721/experiments/runs/phase3_risk_v1/M3-low-seed-43101/scoring/shards/0992_1024.jsonl",
      "record_count": 86,
      "sha256": "574ac9621cd1af2728ab92aa5647b5fc89e3fdc21e906a1b2f5de01a91adf5c6",
      "start_image": 992
    },
    {
      "end_image": 1056,
      "path": "/home/lizhaohui/lzq/minimind-v-stage2-rerun-20260721/experiments/runs/phase3_risk_v1/M3-low-seed-43101/scoring/shards/1024_1056.jsonl",
      "record_count": 96,
      "sha256": "3ca241b03590f8601119cc25b29ebbbdd329d88eb8cedaf8a8cf63aa6f4d9a1b",
      "start_image": 1024
    },
    {
      "end_image": 1088,
      "path": "/home/lizhaohui/lzq/minimind-v-stage2-rerun-20260721/experiments/runs/phase3_risk_v1/M3-low-seed-43101/scoring/shards/1056_1088.jsonl",
      "record_count": 100,
      "sha256": "a05869a9781859644c7875fe607d142ae97858a92ff8786739bfc6f385b857d4",
      "start_image": 1056
    },
    {
      "end_image": 1120,
      "path": "/home/lizhaohui/lzq/minimind-v-stage2-rerun-20260721/experiments/runs/phase3_risk_v1/M3-low-seed-43101/scoring/shards/1088_1120.jsonl",
      "record_count": 111,
      "sha256": "61acaec78b3f8863b709f058952b0cffd1f27b0b4c7f4dae4778c76e6aadc1bc",
      "start_image": 1088
    },
    {
      "end_image": 1152,
      "path": "/home/lizhaohui/lzq/minimind-v-stage2-rerun-20260721/experiments/runs/phase3_risk_v1/M3-low-seed-43101/scoring/shards/1120_1152.jsonl",
      "record_count": 80,
      "sha256": "d1ba04d3aef2356a4415c513e739eab6f64fe013917ea9b7e200fcb6151e22ad",
      "start_image": 1120
    },
    {
      "end_image": 1184,
      "path": "/home/lizhaohui/lzq/minimind-v-stage2-rerun-20260721/experiments/runs/phase3_risk_v1/M3-low-seed-43101/scoring/shards/1152_1184.jsonl",
      "record_count": 85,
      "sha256": "3df50d4551064bb2268f1b02604a2a26b572292aba5c59f15fdb599e6f711cb8",
      "start_image": 1152
    },
    {
      "end_image": 1216,
      "path": "/home/lizhaohui/lzq/minimind-v-stage2-rerun-20260721/experiments/runs/phase3_risk_v1/M3-low-seed-43101/scoring/shards/1184_1216.jsonl",
      "record_count": 82,
      "sha256": "79aba2142a12b8176ef24e297b2b7b4006a2ff9a98121f566e5d1d5f67f733ff",
      "start_image": 1184
    },
    {
      "end_image": 1248,
      "path": "/home/lizhaohui/lzq/minimind-v-stage2-rerun-20260721/experiments/runs/phase3_risk_v1/M3-low-seed-43101/scoring/shards/1216_1248.jsonl",
      "record_count": 99,
      "sha256": "00d59a4037f6515e250782362658d21a320f58c1c87af50e7924b22bdbf49523",
      "start_image": 1216
    },
    {
      "end_image": 1280,
      "path": "/home/lizhaohui/lzq/minimind-v-stage2-rerun-20260721/experiments/runs/phase3_risk_v1/M3-low-seed-43101/scoring/shards/1248_1280.jsonl",
      "record_count": 90,
      "sha256": "52f11d5b9ec5924ba7f371b6e0409344553329b38c8d629137358a93d6aaa25a",
      "start_image": 1248
    },
    {
      "end_image": 1312,
      "path": "/home/lizhaohui/lzq/minimind-v-stage2-rerun-20260721/experiments/runs/phase3_risk_v1/M3-low-seed-43101/scoring/shards/1280_1312.jsonl",
      "record_count": 94,
      "sha256": "37246afb9f8170208c558d7be147cb3d4de72cc9695e740117bfc0f55e6d4dc0",
      "start_image": 1280
    },
    {
      "end_image": 1343,
      "path": "/home/lizhaohui/lzq/minimind-v-stage2-rerun-20260721/experiments/runs/phase3_risk_v1/M3-low-seed-43101/scoring/shards/1312_1343.jsonl",
      "record_count": 112,
      "sha256": "c766ab57b84728a8beb9dc07541b65f177175ad60c4432a7a8446f26c6b61d75",
      "start_image": 1312
    }
  ],
  "status": "complete"
}
