{
  "actual_description_length_is_an_observed_result": true,
  "archive_bits": 5864,
  "archive_bytes": 733,
  "archive_path": "/home/lizhaohui/lzq/minimind-v-stage2-rerun-20260721/experiments/runs/phase3_risk_v1/M2-low-seed-43102/encode/adapter.mms2",
  "archive_sha256": "f1e937099085ca0544befb727a07f738be05a964fe487fd2d2b3fd7703b4ac51",
  "budget": "low",
  "candidate_family_size": 18,
  "codec": "zlib-9",
  "comparison_claim": "equal_coordinate_budget_not_equal_description_length",
  "compressed_body_bytes": 716,
  "config": {
    "directory_validation": {
      "candidate_family_size": 18,
      "comparison_claim": "equal_coordinate_budget_not_equal_description_length",
      "config_count": 18,
      "external_selection_bits": 5,
      "pair_count": 9,
      "status": "passed"
    },
    "manifest_path": "/home/lizhaohui/lzq/minimind-v-stage2/experiments/phase3_risk_v1/configs/manifest.json",
    "manifest_sha256": "721629f7f511cee5cbb7239c42a0c730d730235464ca8029ca1c47cb3cafe2b0",
    "path": "/home/lizhaohui/lzq/minimind-v-stage2/experiments/phase3_risk_v1/configs/M2-low-seed-43102.json",
    "sha256": "f6fbee48dc3c49749629688ed7fe1896b09e688729ee66834d1049bb0df5458d"
  },
  "config_id": "M2-low-seed-43102",
  "coordinate_groups": [
    {
      "dimension": 291,
      "name": "vision",
      "scale_float32": 1.3752241134643555,
      "symbol_histogram": {
        "-1": 75,
        "-2": 9,
        "-3": 1,
        "0": 129,
        "1": 61,
        "2": 10,
        "3": 6
      }
    },
    {
      "dimension": 1163,
      "name": "projector",
      "scale_float32": 0.7980839610099792,
      "symbol_histogram": {
        "-1": 250,
        "-2": 59,
        "-3": 2,
        "0": 511,
        "1": 295,
        "2": 45,
        "3": 1
      }
    },
    {
      "dimension": 594,
      "name": "language",
      "scale_float32": 0.23592184484004974,
      "symbol_histogram": {
        "-1": 122,
        "-2": 12,
        "-3": 2,
        "0": 317,
        "1": 116,
        "2": 24,
        "3": 1
      }
    }
  ],
  "decode_reencode_byte_equivalence": true,
  "decoded_coordinate_state_sha256": "5bbd15f3e681e0ab978e12e4a8e057a9d5e14b8f7e9058722db2851cfaab92e5",
  "decoded_coordinates_path": "/home/lizhaohui/lzq/minimind-v-stage2-rerun-20260721/experiments/runs/phase3_risk_v1/M2-low-seed-43102/encode/decoded_coordinates.pt",
  "decoded_coordinates_sha256": "acdbf3912ef8a7c78b7c9c57e9b1bc77834a6e38c69b14ebd6e233d6023afa22",
  "decoded_model_coordinate_state_sha256": "5bbd15f3e681e0ab978e12e4a8e057a9d5e14b8f7e9058722db2851cfaab92e5",
  "decoded_model_structure": {
    "adapter": {
      "comparison_label": "equal_coordinate_budget_not_equal_description_length",
      "coordinate_dimensions": {
        "language": 594,
        "projector": 1163,
        "vision": 291
      },
      "initial_llm_load": {
        "allowed_missing_prefixes": [
          "vision_encoder.",
          "vision_proj."
        ],
        "exact_initial_tensor_match": true,
        "initial_state_key_count": 91,
        "missing_key_count": 212,
        "unexpected_keys": []
      },
      "initial_llm_sha256": "5b8c49f6c9d965092e651cafeeaeb8705558632b3fd4ac8ab319cbc5a3cbc4a0",
      "mapping_root": 43102,
      "mapping_statistics": {
        "language": {
          "dimension": 594,
          "histogram": {
            "100": 6,
            "101": 4,
            "102": 4,
            "103": 4,
            "104": 3,
            "105": 2,
            "106": 2,
            "107": 1,
            "108": 2,
            "109": 1,
            "111": 1,
            "120": 1,
            "53": 1,
            "57": 1,
            "61": 2,
            "63": 1,
            "64": 3,
            "65": 1,
            "67": 3,
            "68": 6,
            "69": 6,
            "70": 5,
            "71": 8,
            "72": 16,
            "73": 13,
            "74": 10,
            "75": 11,
            "76": 21,
            "77": 20,
            "78": 19,
            "79": 25,
            "80": 20,
            "81": 30,
            "82": 24,
            "83": 30,
            "84": 23,
            "85": 37,
            "86": 24,
            "87": 25,
            "88": 30,
            "89": 22,
            "90": 19,
            "91": 13,
            "92": 17,
            "93": 18,
            "94": 18,
            "95": 9,
            "96": 5,
            "97": 12,
            "98": 6,
            "99": 9
          },
          "histogram_serialization": "canonical JSON object count->frequency",
          "histogram_sha256": "ac0bce71e33bd3aa210e294942849243c1ccecd8e68fe7cdacbee3a4924eeb50",
          "mapping_sha256": "1ddd0b73414f9b50068922932acdf06d7a13057098ecbe789d371be425fe941f",
          "maximum": 120,
          "mean": 84.47138047138047,
          "minimum": 53
        },
        "projector": {
          "dimension": 1163,
          "histogram": {
            "100": 11,
            "101": 11,
            "102": 10,
            "103": 9,
            "104": 2,
            "105": 4,
            "106": 6,
            "107": 1,
            "109": 1,
            "110": 1,
            "113": 1,
            "114": 1,
            "58": 1,
            "59": 1,
            "60": 3,
            "62": 1,
            "63": 3,
            "64": 4,
            "65": 3,
            "66": 7,
            "67": 7,
            "68": 11,
            "69": 11,
            "70": 11,
            "71": 19,
            "72": 14,
            "73": 22,
            "74": 33,
            "75": 31,
            "76": 37,
            "77": 36,
            "78": 39,
            "79": 48,
            "80": 47,
            "81": 44,
            "82": 49,
            "83": 65,
            "84": 42,
            "85": 51,
            "86": 43,
            "87": 52,
            "88": 41,
            "89": 50,
            "90": 51,
            "91": 31,
            "92": 36,
            "93": 31,
            "94": 34,
            "95": 25,
            "96": 20,
            "97": 16,
            "98": 20,
            "99": 15
          },
          "histogram_serialization": "canonical JSON object count->frequency",
          "histogram_sha256": "66f34fa6001ebe20fda399f7ca7f1c1d0e2b70c402ee96a287cb362fb2452b5a",
          "mapping_sha256": "8ad3f60dc96b05e27bc40ebe4302c45c56a8c3db31ca2c1fd30477bffdad43c0",
          "maximum": 114,
          "mean": 84.5262252794497,
          "minimum": 58
        },
        "vision": {
          "dimension": 291,
          "histogram": {
            "100": 5,
            "101": 2,
            "102": 4,
            "103": 2,
            "104": 1,
            "105": 1,
            "107": 1,
            "108": 1,
            "58": 1,
            "59": 1,
            "60": 1,
            "61": 1,
            "65": 1,
            "66": 3,
            "67": 4,
            "68": 2,
            "69": 4,
            "70": 5,
            "71": 4,
            "72": 4,
            "73": 11,
            "74": 6,
            "75": 7,
            "76": 5,
            "77": 5,
            "78": 13,
            "79": 11,
            "80": 18,
            "81": 7,
            "82": 9,
            "83": 17,
            "84": 5,
            "85": 11,
            "86": 8,
            "87": 15,
            "88": 11,
            "89": 11,
            "90": 8,
            "91": 6,
            "92": 11,
            "93": 11,
            "94": 9,
            "95": 4,
            "96": 6,
            "97": 10,
            "98": 3,
            "99": 5
          },
          "histogram_serialization": "canonical JSON object count->frequency",
          "histogram_sha256": "517a9f32e9aaa55ae8233ab919ce1ab51e3af050e2c203f2a509c8c76622b3fd",
          "mapping_sha256": "059f55d156edd0d5d39c54dec87bcf271044b9f0ffa72c17ab39f47351b3e92a",
          "maximum": 108,
          "mean": 84.45360824742268,
          "minimum": 58
        }
      },
      "model_group": "M2",
      "protocol": {
        "protocol_id": "minimind-v-stage2-joint-compression-v2",
        "protocol_sha256": "4a15ae6697081098973998f7340702368403fa81f39d6c8ed43172b74a55b5b3"
      },
      "wrapped_names": [
        "lm_head",
        "model.layers.0.self_attn.q_proj",
        "model.layers.0.self_attn.v_proj",
        "model.layers.7.self_attn.q_proj",
        "model.layers.7.self_attn.v_proj",
        "vision_encoder.vision_model.encoder.layers.10.self_attn.q_proj",
        "vision_encoder.vision_model.encoder.layers.10.self_attn.v_proj",
        "vision_encoder.vision_model.encoder.layers.11.self_attn.q_proj",
        "vision_encoder.vision_model.encoder.layers.11.self_attn.v_proj",
        "vision_proj.mlp.1",
        "vision_proj.mlp.3"
      ]
    },
    "coordinate_dimensions": {
      "language": 594,
      "projector": 1163,
      "vision": 291
    },
    "coordinate_state_sha256": "5bbd15f3e681e0ab978e12e4a8e057a9d5e14b8f7e9058722db2851cfaab92e5",
    "projector_base": {
      "aggregate_tensor_sha256": "3712c79bd4859f543c9030e237a49797c3dfe064a457dcce21dd7cf6a227921a",
      "configuration": {
        "elementwise_affine": false,
        "eps": 1e-05,
        "normalized_shape": [
          768
        ]
      },
      "configuration_serialization": "canonical JSON",
      "configuration_sha256": "5b88036932ef590707662f2dc61d3d5c84de26de89f6188064a9b5d3d6d613b0",
      "tensor_hash_protocol": "SHA256 of C-order little-endian float32 raw bytes",
      "tensor_sha256": {
        "vision_proj.mlp.1.bias": "b84dab01932d5844cbef737e892677d0bfa1c1b8c650e773292a1d8cd84477c5",
        "vision_proj.mlp.1.weight": "637808c850b6caa99b20d95d7ae2cd836848f31ebe8025e8179a485ea33128a3",
        "vision_proj.mlp.3.bias": "646898f2f2627dcefdfbcc0fe36d9b6113fb439f26eaf8b9f08c021f0541fa31",
        "vision_proj.mlp.3.weight": "31f5fc3242249bf75b38f602ce58135bb43fa5cc4f8f95390288197efecad17b"
      }
    },
    "trainable_parameter_count": 2048,
    "trainable_parameter_names": [
      "stage2_coordinates.coordinates.language",
      "stage2_coordinates.coordinates.projector",
      "stage2_coordinates.coordinates.vision"
    ]
  },
  "existing_coordinate_loader_equivalence": true,
  "external_hyperparameter_bits": 0,
  "external_selection_bits": 5,
  "external_selection_bits_rule": "ceil(log2(candidate_family_size))",
  "format": "MMS2",
  "format_version": 1,
  "mapping_root": 43102,
  "mms2_header_recounted_as_external_metadata": false,
  "model_group": "M2",
  "quantization_bits_label": 3,
  "quantization_levels": [
    -3,
    -2,
    -1,
    0,
    1,
    2,
    3
  ],
  "runtime_preflight": {
    "config_id": "M2-low-seed-43102",
    "environment": {
      "mode": "stage2",
      "pip_freeze_sha256": "d58af1bd5fa2e1a8973bb5f04c38e1ad26a32e338e515fa56014d1964ae77f4c",
      "python_executable": "/home/lizhaohui/lzq/minimind-v/.conda-env/bin/python3.10"
    },
    "git": {
      "branch": "stage3-v5-completion",
      "head_commit": "6cfe342e9889ae496e370c6c42544c8150fac1c2",
      "tracked_status": ""
    },
    "gpu": null,
    "stage2_protocol": {
      "protocol_id": "minimind-v-stage2-joint-compression-v2",
      "protocol_sha256": "4a15ae6697081098973998f7340702368403fa81f39d6c8ed43172b74a55b5b3"
    },
    "status": "passed",
    "training_data": {
      "path": "/home/lizhaohui/lzq/minimind-v-stage2-rerun-20260721/dataset/stage2_confirm_v2_seed2028/train.parquet",
      "sha256": "3c3d90c525f43200d35ebd5b4ac1719c8336d278aecbf7e929997c8401b1d5ce"
    }
  },
  "schema_version": 1,
  "status": "complete",
  "total_coordinate_budget": 2048,
  "total_description_bits": 5869,
  "total_description_bits_definition": "archive_bits + external_selection_bits + external_hyperparameter_bits",
  "training_manifest_path": "/home/lizhaohui/lzq/minimind-v-stage2-rerun-20260721/experiments/runs/phase3_risk_v1/M2-low-seed-43102/training/training_manifest.json",
  "training_manifest_sha256": "db13c6a56e3b6cc13709a211358fdf85abf4c856fed59d4268cbbd31e61a4590",
  "uncompressed_body_bytes": 2072
}
