config=M2-low-seed-43102 scored_images=32/1343 records=103
config=M2-low-seed-43102 scored_images=64/1343 records=207
config=M2-low-seed-43102 scored_images=96/1343 records=314
config=M2-low-seed-43102 scored_images=128/1343 records=390
config=M2-low-seed-43102 scored_images=160/1343 records=513
config=M2-low-seed-43102 scored_images=192/1343 records=628
config=M2-low-seed-43102 scored_images=224/1343 records=724
config=M2-low-seed-43102 scored_images=256/1343 records=844
config=M2-low-seed-43102 scored_images=288/1343 records=960
config=M2-low-seed-43102 scored_images=320/1343 records=1057
config=M2-low-seed-43102 scored_images=352/1343 records=1147
config=M2-low-seed-43102 scored_images=384/1343 records=1271
config=M2-low-seed-43102 scored_images=416/1343 records=1362
config=M2-low-seed-43102 scored_images=448/1343 records=1451
config=M2-low-seed-43102 scored_images=480/1343 records=1534
config=M2-low-seed-43102 scored_images=512/1343 records=1661
config=M2-low-seed-43102 scored_images=544/1343 records=1758
config=M2-low-seed-43102 scored_images=576/1343 records=1856
config=M2-low-seed-43102 scored_images=608/1343 records=1953
config=M2-low-seed-43102 scored_images=640/1343 records=2020
config=M2-low-seed-43102 scored_images=672/1343 records=2112
config=M2-low-seed-43102 scored_images=704/1343 records=2216
config=M2-low-seed-43102 scored_images=736/1343 records=2326
config=M2-low-seed-43102 scored_images=768/1343 records=2429
config=M2-low-seed-43102 scored_images=800/1343 records=2511
config=M2-low-seed-43102 scored_images=832/1343 records=2604
config=M2-low-seed-43102 scored_images=864/1343 records=2703
config=M2-low-seed-43102 scored_images=896/1343 records=2808
config=M2-low-seed-43102 scored_images=928/1343 records=2913
config=M2-low-seed-43102 scored_images=960/1343 records=3000
config=M2-low-seed-43102 scored_images=992/1343 records=3072
config=M2-low-seed-43102 scored_images=1024/1343 records=3158
config=M2-low-seed-43102 scored_images=1056/1343 records=3254
config=M2-low-seed-43102 scored_images=1088/1343 records=3354
config=M2-low-seed-43102 scored_images=1120/1343 records=3465
config=M2-low-seed-43102 scored_images=1152/1343 records=3545
config=M2-low-seed-43102 scored_images=1184/1343 records=3630
config=M2-low-seed-43102 scored_images=1216/1343 records=3712
config=M2-low-seed-43102 scored_images=1248/1343 records=3811
config=M2-low-seed-43102 scored_images=1280/1343 records=3901
config=M2-low-seed-43102 scored_images=1312/1343 records=3995
config=M2-low-seed-43102 scored_images=1343/1343 records=4107
{
  "all_scores_finite": true,
  "automatic_retry": false,
  "cache_no_cache_equivalence": {
    "cached_mean_logprob": [
      -3.4740377068519592,
      -5.484765450159709
    ],
    "cached_target_counts": [
      4,
      3
    ],
    "direct_mean_logprob": [
      -3.4740377068519592,
      -5.484765450159709
    ],
    "direct_target_counts": [
      4,
      3
    ],
    "exact_float_equality": true,
    "filename": "000000000724.jpg",
    "maximum_abs_difference": 0.0,
    "sample_id": "replace_attribute:727",
    "target_count_equality": true
  },
  "cache_receipt_path": "/home/lizhaohui/lzq/minimind-v-stage2-rerun-20260721/experiments/runs/phase3_risk_v1/M2-low-seed-43102/scoring/cache_receipt.json",
  "candidate_and_hull_rule": "unchanged frozen Phase 3 v6 contrast-hull scorer",
  "certified": false,
  "config": {
    "directory_validation": {
      "candidate_family_size": 18,
      "comparison_claim": "equal_coordinate_budget_not_equal_description_length",
      "config_count": 18,
      "external_selection_bits": 5,
      "pair_count": 9,
      "status": "passed"
    },
    "manifest_path": "/home/lizhaohui/lzq/minimind-v-stage2/experiments/phase3_risk_v1/configs/manifest.json",
    "manifest_sha256": "721629f7f511cee5cbb7239c42a0c730d730235464ca8029ca1c47cb3cafe2b0",
    "path": "/home/lizhaohui/lzq/minimind-v-stage2/experiments/phase3_risk_v1/configs/M2-low-seed-43102.json",
    "sha256": "f6fbee48dc3c49749629688ed7fe1896b09e688729ee66834d1049bb0df5458d"
  },
  "config_id": "M2-low-seed-43102",
  "environment": {
    "Pillow": "10.4.0",
    "autocast_enabled": false,
    "cuda": "12.4",
    "cuda_available": true,
    "cuda_matmul_allow_tf32": false,
    "cudnn": 90100,
    "cudnn_allow_tf32": false,
    "cudnn_benchmark": false,
    "cudnn_deterministic": true,
    "device": "cuda:0",
    "gpu": {
      "compute_capability": [
        8,
        6
      ],
      "index": 0,
      "name": "NVIDIA A40",
      "total_memory_bytes": 47709159424
    },
    "model_dtype": "float32",
    "numpy": "1.26.4",
    "platform": "Linux-5.4.0-216-generic-x86_64-with-glibc2.31",
    "python": "3.11.15",
    "scipy": "1.13.1",
    "torch": "2.6.0+cu124",
    "transformers": "4.57.6"
  },
  "evaluation_rule_changed": false,
  "evaluation_seed": 3407,
  "frozen_v6_logical_device": "cuda:3",
  "frozen_v6_protocol_sha256": "3cbf89287ef5c75657bf0df6ed1170f0ab1c916ac5aacc0c009fb80c3bbf9195",
  "identity_check_passed": true,
  "identity_tolerance": 1e-06,
  "image_count": 1343,
  "invalid_for_formal_certification_reasons": [
    "post_hoc_metric_design",
    "coupled_mismatch_donors"
  ],
  "logical_device_remap_only": true,
  "m0_check": "not_applicable_to_M2_M3",
  "maximum_identity_error": 2.220446049250313e-16,
  "mismatch_k": 5,
  "model_summary_path": "/home/lizhaohui/lzq/minimind-v-stage2-rerun-20260721/experiments/runs/phase3_risk_v1/M2-low-seed-43102/scoring/model_summary.json",
  "model_summary_sha256": "e184c2ef190edffe41c4e91540876ba6794279596e5bb3416e296927639924ae",
  "old_v6_fields_retained": true,
  "q_correct_and_five_mismatch_per_sample": true,
  "record_count": 4107,
  "risk_ranges_passed": true,
  "runtime_preflight": {
    "config_id": "M2-low-seed-43102",
    "environment": {
      "mode": "v6",
      "pip_freeze_sha256": null,
      "python_executable": "/home/lizhaohui/lzq/phase3_runtime/phase3_v5/env/bin/python3.11"
    },
    "git": {
      "branch": "stage3-v5-completion",
      "head_commit": "6cfe342e9889ae496e370c6c42544c8150fac1c2",
      "tracked_status": ""
    },
    "gpu": {
      "free_memory_mib": 18875,
      "idle_at_preflight": false,
      "idle_definition": "absent from nvidia-smi compute-process GPU UUIDs at dispatch and at every formal stage preflight",
      "minimum_free_memory_mib": 12288,
      "name": "NVIDIA A40",
      "physical_index": 4,
      "policy": "dynamic_idle_a40_pool",
      "shared_gpu_execution": true,
      "shared_gpu_user_authorized": true,
      "uuid": "GPU-8e1547c5-b212-b319-786a-c17a3d644e0b"
    },
    "stage2_protocol": {
      "protocol_id": "minimind-v-stage2-joint-compression-v2",
      "protocol_sha256": "4a15ae6697081098973998f7340702368403fa81f39d6c8ed43172b74a55b5b3"
    },
    "status": "passed",
    "training_data": {
      "path": "/home/lizhaohui/lzq/minimind-v-stage2-rerun-20260721/dataset/stage2_confirm_v2_seed2028/train.parquet",
      "sha256": "3c3d90c525f43200d35ebd5b4ac1719c8336d278aecbf7e929997c8401b1d5ce"
    }
  },
  "runtime_single_visible_gpu_logical_device": "cuda:0",
  "schema_version": 1,
  "seconds": 345.0928285121918,
  "shards": [
    {
      "end_image": 32,
      "path": "/home/lizhaohui/lzq/minimind-v-stage2-rerun-20260721/experiments/runs/phase3_risk_v1/M2-low-seed-43102/scoring/shards/0000_0032.jsonl",
      "record_count": 103,
      "sha256": "aae386eea4f54c33d286684bfe470b6196a0e5c706c7cc3ab399e9f8b93e08d6",
      "start_image": 0
    },
    {
      "end_image": 64,
      "path": "/home/lizhaohui/lzq/minimind-v-stage2-rerun-20260721/experiments/runs/phase3_risk_v1/M2-low-seed-43102/scoring/shards/0032_0064.jsonl",
      "record_count": 104,
      "sha256": "4022f64871ae51fcf44371f9a347f176265c55156ef735b6d01ff9fab2ef8b0e",
      "start_image": 32
    },
    {
      "end_image": 96,
      "path": "/home/lizhaohui/lzq/minimind-v-stage2-rerun-20260721/experiments/runs/phase3_risk_v1/M2-low-seed-43102/scoring/shards/0064_0096.jsonl",
      "record_count": 107,
      "sha256": "6764fa30bfa1ef4b778a7b1aa431648f19745162f5646ab7ed6799c7f0ae4d8d",
      "start_image": 64
    },
    {
      "end_image": 128,
      "path": "/home/lizhaohui/lzq/minimind-v-stage2-rerun-20260721/experiments/runs/phase3_risk_v1/M2-low-seed-43102/scoring/shards/0096_0128.jsonl",
      "record_count": 76,
      "sha256": "12737cc636f432c196f180bef2fdec33ba38b84bdad744bdd75c34b8af66bc87",
      "start_image": 96
    },
    {
      "end_image": 160,
      "path": "/home/lizhaohui/lzq/minimind-v-stage2-rerun-20260721/experiments/runs/phase3_risk_v1/M2-low-seed-43102/scoring/shards/0128_0160.jsonl",
      "record_count": 123,
      "sha256": "3d9c6d455cd4e252a10fd0d3dd1550153313e5638b6e741cda860b2ac64eaf7f",
      "start_image": 128
    },
    {
      "end_image": 192,
      "path": "/home/lizhaohui/lzq/minimind-v-stage2-rerun-20260721/experiments/runs/phase3_risk_v1/M2-low-seed-43102/scoring/shards/0160_0192.jsonl",
      "record_count": 115,
      "sha256": "e7a9c88d6577d181952c391f6c255f62cf3e309a36424cdaba860140cf518d8a",
      "start_image": 160
    },
    {
      "end_image": 224,
      "path": "/home/lizhaohui/lzq/minimind-v-stage2-rerun-20260721/experiments/runs/phase3_risk_v1/M2-low-seed-43102/scoring/shards/0192_0224.jsonl",
      "record_count": 96,
      "sha256": "b526eaade31629e48c20737b40585ed1cecd0bfd0a1b96b8517f3b69d1e43e31",
      "start_image": 192
    },
    {
      "end_image": 256,
      "path": "/home/lizhaohui/lzq/minimind-v-stage2-rerun-20260721/experiments/runs/phase3_risk_v1/M2-low-seed-43102/scoring/shards/0224_0256.jsonl",
      "record_count": 120,
      "sha256": "be6518a4596140e6d2a09ca123dbd65d2a8eca527d27616a5a08e383915c4377",
      "start_image": 224
    },
    {
      "end_image": 288,
      "path": "/home/lizhaohui/lzq/minimind-v-stage2-rerun-20260721/experiments/runs/phase3_risk_v1/M2-low-seed-43102/scoring/shards/0256_0288.jsonl",
      "record_count": 116,
      "sha256": "cf735d5b1ff0952e8102a5d5d4e172ddb64350a7cfa4de2ef7082a053b1936e8",
      "start_image": 256
    },
    {
      "end_image": 320,
      "path": "/home/lizhaohui/lzq/minimind-v-stage2-rerun-20260721/experiments/runs/phase3_risk_v1/M2-low-seed-43102/scoring/shards/0288_0320.jsonl",
      "record_count": 97,
      "sha256": "98bdc0778b748d530d8359580aebe54793cccbf2498f45b2f79a9938643e8857",
      "start_image": 288
    },
    {
      "end_image": 352,
      "path": "/home/lizhaohui/lzq/minimind-v-stage2-rerun-20260721/experiments/runs/phase3_risk_v1/M2-low-seed-43102/scoring/shards/0320_0352.jsonl",
      "record_count": 90,
      "sha256": "b12191f224d6b350bf593eb078fb29f354cfb57a781b5b38ee39af10a108f3c1",
      "start_image": 320
    },
    {
      "end_image": 384,
      "path": "/home/lizhaohui/lzq/minimind-v-stage2-rerun-20260721/experiments/runs/phase3_risk_v1/M2-low-seed-43102/scoring/shards/0352_0384.jsonl",
      "record_count": 124,
      "sha256": "1894d2705b06c5dda36dec3ecd5b8bf2cf651e9c97f9cd7194c5fe903b789700",
      "start_image": 352
    },
    {
      "end_image": 416,
      "path": "/home/lizhaohui/lzq/minimind-v-stage2-rerun-20260721/experiments/runs/phase3_risk_v1/M2-low-seed-43102/scoring/shards/0384_0416.jsonl",
      "record_count": 91,
      "sha256": "e227bda2048d0876885b99c302d26693042e5e8974c93ba97029cb5c35b216c7",
      "start_image": 384
    },
    {
      "end_image": 448,
      "path": "/home/lizhaohui/lzq/minimind-v-stage2-rerun-20260721/experiments/runs/phase3_risk_v1/M2-low-seed-43102/scoring/shards/0416_0448.jsonl",
      "record_count": 89,
      "sha256": "4fcb913fd8075666da116c12d5845c84a370e1510abd757a7ea443080c7c0d99",
      "start_image": 416
    },
    {
      "end_image": 480,
      "path": "/home/lizhaohui/lzq/minimind-v-stage2-rerun-20260721/experiments/runs/phase3_risk_v1/M2-low-seed-43102/scoring/shards/0448_0480.jsonl",
      "record_count": 83,
      "sha256": "ac72c466c694ffdd0c3cedd27b90ab1187ef6cda8fc564daaf4265b510d5ac1b",
      "start_image": 448
    },
    {
      "end_image": 512,
      "path": "/home/lizhaohui/lzq/minimind-v-stage2-rerun-20260721/experiments/runs/phase3_risk_v1/M2-low-seed-43102/scoring/shards/0480_0512.jsonl",
      "record_count": 127,
      "sha256": "8612275258dec4830afe61db8daf5cca5e129abed345614cb6008a3d9f06170e",
      "start_image": 480
    },
    {
      "end_image": 544,
      "path": "/home/lizhaohui/lzq/minimind-v-stage2-rerun-20260721/experiments/runs/phase3_risk_v1/M2-low-seed-43102/scoring/shards/0512_0544.jsonl",
      "record_count": 97,
      "sha256": "983e1bff52734f41695bd6af43bb19c5b869c396e5816a2d43f4a7bc95398368",
      "start_image": 512
    },
    {
      "end_image": 576,
      "path": "/home/lizhaohui/lzq/minimind-v-stage2-rerun-20260721/experiments/runs/phase3_risk_v1/M2-low-seed-43102/scoring/shards/0544_0576.jsonl",
      "record_count": 98,
      "sha256": "4b5825af3acf901d2684e72356aaaa79813a2a755a01c4d0abfdaac545a0e1e2",
      "start_image": 544
    },
    {
      "end_image": 608,
      "path": "/home/lizhaohui/lzq/minimind-v-stage2-rerun-20260721/experiments/runs/phase3_risk_v1/M2-low-seed-43102/scoring/shards/0576_0608.jsonl",
      "record_count": 97,
      "sha256": "d7e22b52a002574d9a9c2204a5b1fa81db09b3ce688a1bb39b14fe61795f93a6",
      "start_image": 576
    },
    {
      "end_image": 640,
      "path": "/home/lizhaohui/lzq/minimind-v-stage2-rerun-20260721/experiments/runs/phase3_risk_v1/M2-low-seed-43102/scoring/shards/0608_0640.jsonl",
      "record_count": 67,
      "sha256": "917ed54461905bf5c5b7395c32caa856bd7efb3d50ef196a2853ec5b2db83c80",
      "start_image": 608
    },
    {
      "end_image": 672,
      "path": "/home/lizhaohui/lzq/minimind-v-stage2-rerun-20260721/experiments/runs/phase3_risk_v1/M2-low-seed-43102/scoring/shards/0640_0672.jsonl",
      "record_count": 92,
      "sha256": "009dc2bb7ba1dd1055d40fc42eb2d7169df33cc038d94f3ee713e1c1b7adf1f3",
      "start_image": 640
    },
    {
      "end_image": 704,
      "path": "/home/lizhaohui/lzq/minimind-v-stage2-rerun-20260721/experiments/runs/phase3_risk_v1/M2-low-seed-43102/scoring/shards/0672_0704.jsonl",
      "record_count": 104,
      "sha256": "e95c268bbc9939ca3d037bfae12e4c33863bc9ccb53cc5ad64137b5e90fe9255",
      "start_image": 672
    },
    {
      "end_image": 736,
      "path": "/home/lizhaohui/lzq/minimind-v-stage2-rerun-20260721/experiments/runs/phase3_risk_v1/M2-low-seed-43102/scoring/shards/0704_0736.jsonl",
      "record_count": 110,
      "sha256": "3193ad48247e79cf539b96bbffde46e72fdd4500284d33bf7c89c432000a1df6",
      "start_image": 704
    },
    {
      "end_image": 768,
      "path": "/home/lizhaohui/lzq/minimind-v-stage2-rerun-20260721/experiments/runs/phase3_risk_v1/M2-low-seed-43102/scoring/shards/0736_0768.jsonl",
      "record_count": 103,
      "sha256": "2d44ce95b421e93eab87733c9f1012511e5fc448dc4f3cedb0574cab86c93acb",
      "start_image": 736
    },
    {
      "end_image": 800,
      "path": "/home/lizhaohui/lzq/minimind-v-stage2-rerun-20260721/experiments/runs/phase3_risk_v1/M2-low-seed-43102/scoring/shards/0768_0800.jsonl",
      "record_count": 82,
      "sha256": "5bb1b2a5ebc0c677e1076f73113951c1893cc4ae9d5f9dbb5b838df0f90d2e60",
      "start_image": 768
    },
    {
      "end_image": 832,
      "path": "/home/lizhaohui/lzq/minimind-v-stage2-rerun-20260721/experiments/runs/phase3_risk_v1/M2-low-seed-43102/scoring/shards/0800_0832.jsonl",
      "record_count": 93,
      "sha256": "cb54b464a3f96e8c408fb48817a43aaa55b754da2e7e17e12ed1f501299efbfa",
      "start_image": 800
    },
    {
      "end_image": 864,
      "path": "/home/lizhaohui/lzq/minimind-v-stage2-rerun-20260721/experiments/runs/phase3_risk_v1/M2-low-seed-43102/scoring/shards/0832_0864.jsonl",
      "record_count": 99,
      "sha256": "a2f282d13f38150eb1795d7309d62e9e15e817292b7b0f2b8ce2100c3bde4606",
      "start_image": 832
    },
    {
      "end_image": 896,
      "path": "/home/lizhaohui/lzq/minimind-v-stage2-rerun-20260721/experiments/runs/phase3_risk_v1/M2-low-seed-43102/scoring/shards/0864_0896.jsonl",
      "record_count": 105,
      "sha256": "7846f68d7706690bd6a3c1a2f2878d346506b63c4f779bcd107037045a4c02a1",
      "start_image": 864
    },
    {
      "end_image": 928,
      "path": "/home/lizhaohui/lzq/minimind-v-stage2-rerun-20260721/experiments/runs/phase3_risk_v1/M2-low-seed-43102/scoring/shards/0896_0928.jsonl",
      "record_count": 105,
      "sha256": "3186af112023a51e8899e01a489dfe21b1f79ffc426c11ff9d4c63984b71c86f",
      "start_image": 896
    },
    {
      "end_image": 960,
      "path": "/home/lizhaohui/lzq/minimind-v-stage2-rerun-20260721/experiments/runs/phase3_risk_v1/M2-low-seed-43102/scoring/shards/0928_0960.jsonl",
      "record_count": 87,
      "sha256": "df07735274f369437b711cf43b46f51b6874f7807dd19257aa33aa38d8338543",
      "start_image": 928
    },
    {
      "end_image": 992,
      "path": "/home/lizhaohui/lzq/minimind-v-stage2-rerun-20260721/experiments/runs/phase3_risk_v1/M2-low-seed-43102/scoring/shards/0960_0992.jsonl",
      "record_count": 72,
      "sha256": "519920fd207804c5581f88b619a82e351f17ea46af9e396a051b793b7cd6b49d",
      "start_image": 960
    },
    {
      "end_image": 1024,
      "path": "/home/lizhaohui/lzq/minimind-v-stage2-rerun-20260721/experiments/runs/phase3_risk_v1/M2-low-seed-43102/scoring/shards/0992_1024.jsonl",
      "record_count": 86,
      "sha256": "5c076b3d00df305809d4def5f6c0ede96123ace1f86b401390d5534a4ff2d2a4",
      "start_image": 992
    },
    {
      "end_image": 1056,
      "path": "/home/lizhaohui/lzq/minimind-v-stage2-rerun-20260721/experiments/runs/phase3_risk_v1/M2-low-seed-43102/scoring/shards/1024_1056.jsonl",
      "record_count": 96,
      "sha256": "ede1b6303e02e876a0ec28defc2b73337f2091d7615563ab8c0d92af3cb6c003",
      "start_image": 1024
    },
    {
      "end_image": 1088,
      "path": "/home/lizhaohui/lzq/minimind-v-stage2-rerun-20260721/experiments/runs/phase3_risk_v1/M2-low-seed-43102/scoring/shards/1056_1088.jsonl",
      "record_count": 100,
      "sha256": "5f134e112e297fe2c8c70a561b3c9e99f96f88855ef037fa5625fcb5f87310fd",
      "start_image": 1056
    },
    {
      "end_image": 1120,
      "path": "/home/lizhaohui/lzq/minimind-v-stage2-rerun-20260721/experiments/runs/phase3_risk_v1/M2-low-seed-43102/scoring/shards/1088_1120.jsonl",
      "record_count": 111,
      "sha256": "c35e74268a3603f8d5602e8fb908c8fc0a34e12f050fe5ad067d08d928c9f52e",
      "start_image": 1088
    },
    {
      "end_image": 1152,
      "path": "/home/lizhaohui/lzq/minimind-v-stage2-rerun-20260721/experiments/runs/phase3_risk_v1/M2-low-seed-43102/scoring/shards/1120_1152.jsonl",
      "record_count": 80,
      "sha256": "2e934c181ef19bbdbc092458f63a79743b3b451f9865c419790798a3afa216f3",
      "start_image": 1120
    },
    {
      "end_image": 1184,
      "path": "/home/lizhaohui/lzq/minimind-v-stage2-rerun-20260721/experiments/runs/phase3_risk_v1/M2-low-seed-43102/scoring/shards/1152_1184.jsonl",
      "record_count": 85,
      "sha256": "99d30de3440feda112a63cc16769a1aa4f3927f8a869700bad5f42a42d58fc5f",
      "start_image": 1152
    },
    {
      "end_image": 1216,
      "path": "/home/lizhaohui/lzq/minimind-v-stage2-rerun-20260721/experiments/runs/phase3_risk_v1/M2-low-seed-43102/scoring/shards/1184_1216.jsonl",
      "record_count": 82,
      "sha256": "b0aeb94adc7eb883c85e7bad4ab5c5d2845ea03d443906a5f3cc1a1e831031f7",
      "start_image": 1184
    },
    {
      "end_image": 1248,
      "path": "/home/lizhaohui/lzq/minimind-v-stage2-rerun-20260721/experiments/runs/phase3_risk_v1/M2-low-seed-43102/scoring/shards/1216_1248.jsonl",
      "record_count": 99,
      "sha256": "efee3c6e146225732e960842e4c9ac406465df0f432af81a0cfc461ac9aaae14",
      "start_image": 1216
    },
    {
      "end_image": 1280,
      "path": "/home/lizhaohui/lzq/minimind-v-stage2-rerun-20260721/experiments/runs/phase3_risk_v1/M2-low-seed-43102/scoring/shards/1248_1280.jsonl",
      "record_count": 90,
      "sha256": "344894d74072ac3f7fa7ccecacb53727f8ea0c6e0e68279886f1ca62f23e4659",
      "start_image": 1248
    },
    {
      "end_image": 1312,
      "path": "/home/lizhaohui/lzq/minimind-v-stage2-rerun-20260721/experiments/runs/phase3_risk_v1/M2-low-seed-43102/scoring/shards/1280_1312.jsonl",
      "record_count": 94,
      "sha256": "68e0b94dcc25c5c0dd6b984d6742479b45e329b7de4307a66d9d38ebeb4ce05c",
      "start_image": 1280
    },
    {
      "end_image": 1343,
      "path": "/home/lizhaohui/lzq/minimind-v-stage2-rerun-20260721/experiments/runs/phase3_risk_v1/M2-low-seed-43102/scoring/shards/1312_1343.jsonl",
      "record_count": 112,
      "sha256": "b06cc2d749b559f2c342bf2738dca0a39423a809ec7229721ca0924f44a8f5bd",
      "start_image": 1312
    }
  ],
  "status": "complete"
}
