{
  "actual_description_length_is_an_observed_result": true,
  "archive_bits": 17376,
  "archive_bytes": 2172,
  "archive_path": "/home/lizhaohui/lzq/minimind-v-stage2-rerun-20260721/experiments/runs/phase3_risk_v1/M2-high-seed-43101/encode/adapter.mms2",
  "archive_sha256": "bc0226c9f32e44ba128905a5e595ec79c383e2e5335771e466c44599accd6bc3",
  "budget": "high",
  "candidate_family_size": 18,
  "codec": "zlib-9",
  "comparison_claim": "equal_coordinate_budget_not_equal_description_length",
  "compressed_body_bytes": 2155,
  "config": {
    "directory_validation": {
      "candidate_family_size": 18,
      "comparison_claim": "equal_coordinate_budget_not_equal_description_length",
      "config_count": 18,
      "external_selection_bits": 5,
      "pair_count": 9,
      "status": "passed"
    },
    "manifest_path": "/home/lizhaohui/lzq/minimind-v-stage2/experiments/phase3_risk_v1/configs/manifest.json",
    "manifest_sha256": "721629f7f511cee5cbb7239c42a0c730d730235464ca8029ca1c47cb3cafe2b0",
    "path": "/home/lizhaohui/lzq/minimind-v-stage2/experiments/phase3_risk_v1/configs/M2-high-seed-43101.json",
    "sha256": "d6ba4b1734fbce0e041b4788a371ff2d2f5d2af1941f541e6d5a0450d3bde6e0"
  },
  "config_id": "M2-high-seed-43101",
  "coordinate_groups": [
    {
      "dimension": 1163,
      "name": "vision",
      "scale_float32": 0.7134115099906921,
      "symbol_histogram": {
        "-1": 287,
        "-2": 28,
        "-3": 3,
        "0": 552,
        "1": 242,
        "2": 46,
        "3": 5
      }
    },
    {
      "dimension": 4654,
      "name": "projector",
      "scale_float32": 1.2301177978515625,
      "symbol_histogram": {
        "-1": 972,
        "-2": 64,
        "-3": 0,
        "0": 2614,
        "1": 947,
        "2": 54,
        "3": 3
      }
    },
    {
      "dimension": 2375,
      "name": "language",
      "scale_float32": 0.33707401156425476,
      "symbol_histogram": {
        "-1": 244,
        "-2": 18,
        "-3": 0,
        "0": 1849,
        "1": 247,
        "2": 15,
        "3": 2
      }
    }
  ],
  "decode_reencode_byte_equivalence": true,
  "decoded_coordinate_state_sha256": "c4d05a33a858467d41f7d06536e7ee8e4c2105de440fc75c1f67f9408091a9bd",
  "decoded_coordinates_path": "/home/lizhaohui/lzq/minimind-v-stage2-rerun-20260721/experiments/runs/phase3_risk_v1/M2-high-seed-43101/encode/decoded_coordinates.pt",
  "decoded_coordinates_sha256": "d7ddf23ae5a0c4f76075c763ec34144fecd0b210fea22cebfcf138555706db37",
  "decoded_model_coordinate_state_sha256": "c4d05a33a858467d41f7d06536e7ee8e4c2105de440fc75c1f67f9408091a9bd",
  "decoded_model_structure": {
    "adapter": {
      "comparison_label": "equal_coordinate_budget_not_equal_description_length",
      "coordinate_dimensions": {
        "language": 2375,
        "projector": 4654,
        "vision": 1163
      },
      "initial_llm_load": {
        "allowed_missing_prefixes": [
          "vision_encoder.",
          "vision_proj."
        ],
        "exact_initial_tensor_match": true,
        "initial_state_key_count": 91,
        "missing_key_count": 212,
        "unexpected_keys": []
      },
      "initial_llm_sha256": "5b8c49f6c9d965092e651cafeeaeb8705558632b3fd4ac8ab319cbc5a3cbc4a0",
      "mapping_root": 43101,
      "mapping_statistics": {
        "language": {
          "dimension": 2375,
          "histogram": {
            "10": 6,
            "11": 11,
            "12": 23,
            "13": 48,
            "14": 70,
            "15": 96,
            "16": 126,
            "17": 162,
            "18": 196,
            "19": 162,
            "20": 192,
            "21": 204,
            "22": 194,
            "23": 190,
            "24": 141,
            "25": 135,
            "26": 107,
            "27": 82,
            "28": 74,
            "29": 50,
            "30": 35,
            "31": 28,
            "32": 10,
            "33": 7,
            "34": 6,
            "35": 4,
            "36": 7,
            "37": 2,
            "38": 1,
            "39": 1,
            "8": 1,
            "9": 4
          },
          "histogram_serialization": "canonical JSON object count->frequency",
          "histogram_sha256": "f35927b7a45d3102990889a98969b67163bec05aa040a556c511c3032f4c4c07",
          "mapping_sha256": "95f4dffebe096ac8d8d7379942cc54c9be8a77bad55fcf033bd2ead8f07f1f68",
          "maximum": 39,
          "mean": 21.126736842105263,
          "minimum": 8
        },
        "projector": {
          "dimension": 4654,
          "histogram": {
            "10": 10,
            "11": 33,
            "12": 61,
            "13": 92,
            "14": 127,
            "15": 167,
            "16": 247,
            "17": 283,
            "18": 333,
            "19": 355,
            "20": 412,
            "21": 402,
            "22": 389,
            "23": 337,
            "24": 305,
            "25": 287,
            "26": 227,
            "27": 183,
            "28": 116,
            "29": 109,
            "30": 68,
            "31": 39,
            "32": 25,
            "33": 14,
            "34": 15,
            "35": 3,
            "36": 4,
            "39": 1,
            "6": 2,
            "7": 1,
            "8": 1,
            "9": 6
          },
          "histogram_serialization": "canonical JSON object count->frequency",
          "histogram_sha256": "e36c7c2556c530e3b64cdea2f76d6a3d89768c3fa8a1d03abaa8d349bdc4c528",
          "mapping_sha256": "14cfca2fc720b7b5f7e4a7144470f0c4311559389204f1e9e90ae00498a5e07c",
          "maximum": 39,
          "mean": 21.122475290073055,
          "minimum": 6
        },
        "vision": {
          "dimension": 1163,
          "histogram": {
            "10": 3,
            "11": 10,
            "12": 9,
            "13": 15,
            "14": 33,
            "15": 52,
            "16": 51,
            "17": 75,
            "18": 83,
            "19": 104,
            "20": 113,
            "21": 100,
            "22": 96,
            "23": 81,
            "24": 71,
            "25": 60,
            "26": 50,
            "27": 38,
            "28": 43,
            "29": 22,
            "30": 16,
            "31": 11,
            "32": 9,
            "33": 2,
            "34": 8,
            "35": 1,
            "36": 2,
            "37": 1,
            "6": 1,
            "8": 1,
            "9": 2
          },
          "histogram_serialization": "canonical JSON object count->frequency",
          "histogram_sha256": "394c9cd4def2195d1d55f3379d3193605d6e67f6d206923f51a3fd2f13c611dc",
          "mapping_sha256": "f32c66efaedb7d1fb13eb279d4ba31aab9fcc166a6f6631e4d83c2cd5222b262",
          "maximum": 37,
          "mean": 21.131556319862426,
          "minimum": 6
        }
      },
      "model_group": "M2",
      "protocol": {
        "protocol_id": "minimind-v-stage2-joint-compression-v2",
        "protocol_sha256": "4a15ae6697081098973998f7340702368403fa81f39d6c8ed43172b74a55b5b3"
      },
      "wrapped_names": [
        "lm_head",
        "model.layers.0.self_attn.q_proj",
        "model.layers.0.self_attn.v_proj",
        "model.layers.7.self_attn.q_proj",
        "model.layers.7.self_attn.v_proj",
        "vision_encoder.vision_model.encoder.layers.10.self_attn.q_proj",
        "vision_encoder.vision_model.encoder.layers.10.self_attn.v_proj",
        "vision_encoder.vision_model.encoder.layers.11.self_attn.q_proj",
        "vision_encoder.vision_model.encoder.layers.11.self_attn.v_proj",
        "vision_proj.mlp.1",
        "vision_proj.mlp.3"
      ]
    },
    "coordinate_dimensions": {
      "language": 2375,
      "projector": 4654,
      "vision": 1163
    },
    "coordinate_state_sha256": "c4d05a33a858467d41f7d06536e7ee8e4c2105de440fc75c1f67f9408091a9bd",
    "projector_base": {
      "aggregate_tensor_sha256": "3712c79bd4859f543c9030e237a49797c3dfe064a457dcce21dd7cf6a227921a",
      "configuration": {
        "elementwise_affine": false,
        "eps": 1e-05,
        "normalized_shape": [
          768
        ]
      },
      "configuration_serialization": "canonical JSON",
      "configuration_sha256": "5b88036932ef590707662f2dc61d3d5c84de26de89f6188064a9b5d3d6d613b0",
      "tensor_hash_protocol": "SHA256 of C-order little-endian float32 raw bytes",
      "tensor_sha256": {
        "vision_proj.mlp.1.bias": "b84dab01932d5844cbef737e892677d0bfa1c1b8c650e773292a1d8cd84477c5",
        "vision_proj.mlp.1.weight": "637808c850b6caa99b20d95d7ae2cd836848f31ebe8025e8179a485ea33128a3",
        "vision_proj.mlp.3.bias": "646898f2f2627dcefdfbcc0fe36d9b6113fb439f26eaf8b9f08c021f0541fa31",
        "vision_proj.mlp.3.weight": "31f5fc3242249bf75b38f602ce58135bb43fa5cc4f8f95390288197efecad17b"
      }
    },
    "trainable_parameter_count": 8192,
    "trainable_parameter_names": [
      "stage2_coordinates.coordinates.language",
      "stage2_coordinates.coordinates.projector",
      "stage2_coordinates.coordinates.vision"
    ]
  },
  "existing_coordinate_loader_equivalence": true,
  "external_hyperparameter_bits": 0,
  "external_selection_bits": 5,
  "external_selection_bits_rule": "ceil(log2(candidate_family_size))",
  "format": "MMS2",
  "format_version": 1,
  "mapping_root": 43101,
  "mms2_header_recounted_as_external_metadata": false,
  "model_group": "M2",
  "quantization_bits_label": 3,
  "quantization_levels": [
    -3,
    -2,
    -1,
    0,
    1,
    2,
    3
  ],
  "runtime_preflight": {
    "config_id": "M2-high-seed-43101",
    "environment": {
      "mode": "stage2",
      "pip_freeze_sha256": "d58af1bd5fa2e1a8973bb5f04c38e1ad26a32e338e515fa56014d1964ae77f4c",
      "python_executable": "/home/lizhaohui/lzq/minimind-v/.conda-env/bin/python3.10"
    },
    "git": {
      "branch": "stage3-v5-completion",
      "head_commit": "6cfe342e9889ae496e370c6c42544c8150fac1c2",
      "tracked_status": ""
    },
    "gpu": null,
    "stage2_protocol": {
      "protocol_id": "minimind-v-stage2-joint-compression-v2",
      "protocol_sha256": "4a15ae6697081098973998f7340702368403fa81f39d6c8ed43172b74a55b5b3"
    },
    "status": "passed",
    "training_data": {
      "path": "/home/lizhaohui/lzq/minimind-v-stage2-rerun-20260721/dataset/stage2_confirm_v2_seed2028/train.parquet",
      "sha256": "3c3d90c525f43200d35ebd5b4ac1719c8336d278aecbf7e929997c8401b1d5ce"
    }
  },
  "schema_version": 1,
  "status": "complete",
  "total_coordinate_budget": 8192,
  "total_description_bits": 17381,
  "total_description_bits_definition": "archive_bits + external_selection_bits + external_hyperparameter_bits",
  "training_manifest_path": "/home/lizhaohui/lzq/minimind-v-stage2-rerun-20260721/experiments/runs/phase3_risk_v1/M2-high-seed-43101/training/training_manifest.json",
  "training_manifest_sha256": "8a6562a59c47144fb12668e47ae9a6cf5718290104c735ec1b80d51b1ee47728",
  "uncompressed_body_bytes": 8216
}
